<?xml version="1.0" encoding="ISO-8859-1" ?>
<link_info>
   <banner>TI ARM Linker PC v20.2.1.LTS</banner>
   <copyright>Copyright (c) 1996-2018 Texas Instruments Incorporated</copyright>
   <link_time>0x5fb42a46</link_time>
   <link_errors>0x0</link_errors>
   <output_file>EE 2920 Final Project.out</output_file>
   <entry_point>
      <name>_c_int00_noargs</name>
      <address>0x1f49</address>
   </entry_point>
   <input_file_list>
      <input_file id="fl-2">
         <path>.\</path>
         <kind>object</kind>
         <file>main.obj</file>
         <name>main.obj</name>
      </input_file>
      <input_file id="fl-3">
         <path>.\</path>
         <kind>object</kind>
         <file>msoe_lib_clk.obj</file>
         <name>msoe_lib_clk.obj</name>
      </input_file>
      <input_file id="fl-4">
         <path>.\</path>
         <kind>object</kind>
         <file>msoe_lib_delay.obj</file>
         <name>msoe_lib_delay.obj</name>
      </input_file>
      <input_file id="fl-5">
         <path>.\</path>
         <kind>object</kind>
         <file>msoe_lib_lcd.obj</file>
         <name>msoe_lib_lcd.obj</name>
      </input_file>
      <input_file id="fl-6">
         <path>.\</path>
         <kind>object</kind>
         <file>msoe_lib_misc.obj</file>
         <name>msoe_lib_misc.obj</name>
      </input_file>
      <input_file id="fl-7">
         <path>.\</path>
         <kind>object</kind>
         <file>startup_msp432p401r_ccs.obj</file>
         <name>startup_msp432p401r_ccs.obj</name>
      </input_file>
      <input_file id="fl-8">
         <path>.\</path>
         <kind>object</kind>
         <file>system_msp432p401r.obj</file>
         <name>system_msp432p401r.obj</name>
      </input_file>
      <input_file id="fl-c">
         <kind>object</kind>
         <file>&lt;internal&gt;</file>
         <name>&lt;internal&gt;</name>
      </input_file>
      <input_file id="fl-c2">
         <path>C:\ti\ccs1011\ccs\tools\compiler\ti-cgt-arm_20.2.1.LTS\lib\</path>
         <kind>archive</kind>
         <file>rtsv7M4_T_le_v4SPD16_eabi.lib</file>
         <name>printf.c.obj</name>
      </input_file>
      <input_file id="fl-c3">
         <path>C:\ti\ccs1011\ccs\tools\compiler\ti-cgt-arm_20.2.1.LTS\lib\</path>
         <kind>archive</kind>
         <file>rtsv7M4_T_le_v4SPD16_eabi.lib</file>
         <name>_printfi.c.obj</name>
      </input_file>
      <input_file id="fl-c4">
         <path>C:\ti\ccs1011\ccs\tools\compiler\ti-cgt-arm_20.2.1.LTS\lib\</path>
         <kind>archive</kind>
         <file>rtsv7M4_T_le_v4SPD16_eabi.lib</file>
         <name>fputc.c.obj</name>
      </input_file>
      <input_file id="fl-c5">
         <path>C:\ti\ccs1011\ccs\tools\compiler\ti-cgt-arm_20.2.1.LTS\lib\</path>
         <kind>archive</kind>
         <file>rtsv7M4_T_le_v4SPD16_eabi.lib</file>
         <name>fputs.c.obj</name>
      </input_file>
      <input_file id="fl-c6">
         <path>C:\ti\ccs1011\ccs\tools\compiler\ti-cgt-arm_20.2.1.LTS\lib\</path>
         <kind>archive</kind>
         <file>rtsv7M4_T_le_v4SPD16_eabi.lib</file>
         <name>_io_perm.c.obj</name>
      </input_file>
      <input_file id="fl-c7">
         <path>C:\ti\ccs1011\ccs\tools\compiler\ti-cgt-arm_20.2.1.LTS\lib\</path>
         <kind>archive</kind>
         <file>rtsv7M4_T_le_v4SPD16_eabi.lib</file>
         <name>setvbuf.c.obj</name>
      </input_file>
      <input_file id="fl-c8">
         <path>C:\ti\ccs1011\ccs\tools\compiler\ti-cgt-arm_20.2.1.LTS\lib\</path>
         <kind>archive</kind>
         <file>rtsv7M4_T_le_v4SPD16_eabi.lib</file>
         <name>memset_t2.asm.obj</name>
      </input_file>
      <input_file id="fl-c9">
         <path>C:\ti\ccs1011\ccs\tools\compiler\ti-cgt-arm_20.2.1.LTS\lib\</path>
         <kind>archive</kind>
         <file>rtsv7M4_T_le_v4SPD16_eabi.lib</file>
         <name>fd_add_t2.asm.obj</name>
      </input_file>
      <input_file id="fl-ca">
         <path>C:\ti\ccs1011\ccs\tools\compiler\ti-cgt-arm_20.2.1.LTS\lib\</path>
         <kind>archive</kind>
         <file>rtsv7M4_T_le_v4SPD16_eabi.lib</file>
         <name>fd_cmp_t2.asm.obj</name>
      </input_file>
      <input_file id="fl-cb">
         <path>C:\ti\ccs1011\ccs\tools\compiler\ti-cgt-arm_20.2.1.LTS\lib\</path>
         <kind>archive</kind>
         <file>rtsv7M4_T_le_v4SPD16_eabi.lib</file>
         <name>fd_div_t2.asm.obj</name>
      </input_file>
      <input_file id="fl-cc">
         <path>C:\ti\ccs1011\ccs\tools\compiler\ti-cgt-arm_20.2.1.LTS\lib\</path>
         <kind>archive</kind>
         <file>rtsv7M4_T_le_v4SPD16_eabi.lib</file>
         <name>fd_mul_t2.asm.obj</name>
      </input_file>
      <input_file id="fl-cd">
         <path>C:\ti\ccs1011\ccs\tools\compiler\ti-cgt-arm_20.2.1.LTS\lib\</path>
         <kind>archive</kind>
         <file>rtsv7M4_T_le_v4SPD16_eabi.lib</file>
         <name>fd_toi_t2.asm.obj</name>
      </input_file>
      <input_file id="fl-ce">
         <path>C:\ti\ccs1011\ccs\tools\compiler\ti-cgt-arm_20.2.1.LTS\lib\</path>
         <kind>archive</kind>
         <file>rtsv7M4_T_le_v4SPD16_eabi.lib</file>
         <name>fd_tos_t2.asm.obj</name>
      </input_file>
      <input_file id="fl-cf">
         <path>C:\ti\ccs1011\ccs\tools\compiler\ti-cgt-arm_20.2.1.LTS\lib\</path>
         <kind>archive</kind>
         <file>rtsv7M4_T_le_v4SPD16_eabi.lib</file>
         <name>fd_tou_t2.asm.obj</name>
      </input_file>
      <input_file id="fl-d0">
         <path>C:\ti\ccs1011\ccs\tools\compiler\ti-cgt-arm_20.2.1.LTS\lib\</path>
         <kind>archive</kind>
         <file>rtsv7M4_T_le_v4SPD16_eabi.lib</file>
         <name>fs_tod_t2.asm.obj</name>
      </input_file>
      <input_file id="fl-d1">
         <path>C:\ti\ccs1011\ccs\tools\compiler\ti-cgt-arm_20.2.1.LTS\lib\</path>
         <kind>archive</kind>
         <file>rtsv7M4_T_le_v4SPD16_eabi.lib</file>
         <name>i_tofd_t2.asm.obj</name>
      </input_file>
      <input_file id="fl-d2">
         <path>C:\ti\ccs1011\ccs\tools\compiler\ti-cgt-arm_20.2.1.LTS\lib\</path>
         <kind>archive</kind>
         <file>rtsv7M4_T_le_v4SPD16_eabi.lib</file>
         <name>memcpy_t2.asm.obj</name>
      </input_file>
      <input_file id="fl-d3">
         <path>C:\ti\ccs1011\ccs\tools\compiler\ti-cgt-arm_20.2.1.LTS\lib\</path>
         <kind>archive</kind>
         <file>rtsv7M4_T_le_v4SPD16_eabi.lib</file>
         <name>u_tofd_t2.asm.obj</name>
      </input_file>
      <input_file id="fl-d4">
         <path>C:\ti\ccs1011\ccs\tools\compiler\ti-cgt-arm_20.2.1.LTS\lib\</path>
         <kind>archive</kind>
         <file>rtsv7M4_T_le_v4SPD16_eabi.lib</file>
         <name>ull_div_t2.asm.obj</name>
      </input_file>
      <input_file id="fl-d5">
         <path>C:\ti\ccs1011\ccs\tools\compiler\ti-cgt-arm_20.2.1.LTS\lib\</path>
         <kind>archive</kind>
         <file>rtsv7M4_T_le_v4SPD16_eabi.lib</file>
         <name>copy_zero_init.c.obj</name>
      </input_file>
      <input_file id="fl-d6">
         <path>C:\ti\ccs1011\ccs\tools\compiler\ti-cgt-arm_20.2.1.LTS\lib\</path>
         <kind>archive</kind>
         <file>rtsv7M4_T_le_v4SPD16_eabi.lib</file>
         <name>copy_decompress_none.c.obj</name>
      </input_file>
      <input_file id="fl-d7">
         <path>C:\ti\ccs1011\ccs\tools\compiler\ti-cgt-arm_20.2.1.LTS\lib\</path>
         <kind>archive</kind>
         <file>rtsv7M4_T_le_v4SPD16_eabi.lib</file>
         <name>copy_decompress_lzss.c.obj</name>
      </input_file>
      <input_file id="fl-d8">
         <path>C:\ti\ccs1011\ccs\tools\compiler\ti-cgt-arm_20.2.1.LTS\lib\</path>
         <kind>archive</kind>
         <file>rtsv7M4_T_le_v4SPD16_eabi.lib</file>
         <name>exit.c.obj</name>
      </input_file>
      <input_file id="fl-d9">
         <path>C:\ti\ccs1011\ccs\tools\compiler\ti-cgt-arm_20.2.1.LTS\lib\</path>
         <kind>archive</kind>
         <file>rtsv7M4_T_le_v4SPD16_eabi.lib</file>
         <name>_lock.c.obj</name>
      </input_file>
      <input_file id="fl-da">
         <path>C:\ti\ccs1011\ccs\tools\compiler\ti-cgt-arm_20.2.1.LTS\lib\</path>
         <kind>archive</kind>
         <file>rtsv7M4_T_le_v4SPD16_eabi.lib</file>
         <name>_ltoa.c.obj</name>
      </input_file>
      <input_file id="fl-db">
         <path>C:\ti\ccs1011\ccs\tools\compiler\ti-cgt-arm_20.2.1.LTS\lib\</path>
         <kind>archive</kind>
         <file>rtsv7M4_T_le_v4SPD16_eabi.lib</file>
         <name>atoi.c.obj</name>
      </input_file>
      <input_file id="fl-dc">
         <path>C:\ti\ccs1011\ccs\tools\compiler\ti-cgt-arm_20.2.1.LTS\lib\</path>
         <kind>archive</kind>
         <file>rtsv7M4_T_le_v4SPD16_eabi.lib</file>
         <name>ctype.c.obj</name>
      </input_file>
      <input_file id="fl-dd">
         <path>C:\ti\ccs1011\ccs\tools\compiler\ti-cgt-arm_20.2.1.LTS\lib\</path>
         <kind>archive</kind>
         <file>rtsv7M4_T_le_v4SPD16_eabi.lib</file>
         <name>defs.c.obj</name>
      </input_file>
      <input_file id="fl-de">
         <path>C:\ti\ccs1011\ccs\tools\compiler\ti-cgt-arm_20.2.1.LTS\lib\</path>
         <kind>archive</kind>
         <file>rtsv7M4_T_le_v4SPD16_eabi.lib</file>
         <name>memccpy.c.obj</name>
      </input_file>
      <input_file id="fl-df">
         <path>C:\ti\ccs1011\ccs\tools\compiler\ti-cgt-arm_20.2.1.LTS\lib\</path>
         <kind>archive</kind>
         <file>rtsv7M4_T_le_v4SPD16_eabi.lib</file>
         <name>memchr.c.obj</name>
      </input_file>
      <input_file id="fl-e0">
         <path>C:\ti\ccs1011\ccs\tools\compiler\ti-cgt-arm_20.2.1.LTS\lib\</path>
         <kind>archive</kind>
         <file>rtsv7M4_T_le_v4SPD16_eabi.lib</file>
         <name>memory.c.obj</name>
      </input_file>
      <input_file id="fl-e1">
         <path>C:\ti\ccs1011\ccs\tools\compiler\ti-cgt-arm_20.2.1.LTS\lib\</path>
         <kind>archive</kind>
         <file>rtsv7M4_T_le_v4SPD16_eabi.lib</file>
         <name>strchr.c.obj</name>
      </input_file>
      <input_file id="fl-e2">
         <path>C:\ti\ccs1011\ccs\tools\compiler\ti-cgt-arm_20.2.1.LTS\lib\</path>
         <kind>archive</kind>
         <file>rtsv7M4_T_le_v4SPD16_eabi.lib</file>
         <name>strlen.c.obj</name>
      </input_file>
      <input_file id="fl-e3">
         <path>C:\ti\ccs1011\ccs\tools\compiler\ti-cgt-arm_20.2.1.LTS\lib\</path>
         <kind>archive</kind>
         <file>rtsv7M4_T_le_v4SPD16_eabi.lib</file>
         <name>write.c.obj</name>
      </input_file>
      <input_file id="fl-e4">
         <path>C:\ti\ccs1011\ccs\tools\compiler\ti-cgt-arm_20.2.1.LTS\lib\</path>
         <kind>archive</kind>
         <file>rtsv7M4_T_le_v4SPD16_eabi.lib</file>
         <name>host_device.c.obj</name>
      </input_file>
      <input_file id="fl-e5">
         <path>C:\ti\ccs1011\ccs\tools\compiler\ti-cgt-arm_20.2.1.LTS\lib\</path>
         <kind>archive</kind>
         <file>rtsv7M4_T_le_v4SPD16_eabi.lib</file>
         <name>errno.c.obj</name>
      </input_file>
      <input_file id="fl-e6">
         <path>C:\ti\ccs1011\ccs\tools\compiler\ti-cgt-arm_20.2.1.LTS\lib\</path>
         <kind>archive</kind>
         <file>rtsv7M4_T_le_v4SPD16_eabi.lib</file>
         <name>boot_cortex_m.c.obj</name>
      </input_file>
      <input_file id="fl-e7">
         <path>C:\ti\ccs1011\ccs\tools\compiler\ti-cgt-arm_20.2.1.LTS\lib\</path>
         <kind>archive</kind>
         <file>rtsv7M4_T_le_v4SPD16_eabi.lib</file>
         <name>s_frexp.c.obj</name>
      </input_file>
      <input_file id="fl-e8">
         <path>C:\ti\ccs1011\ccs\tools\compiler\ti-cgt-arm_20.2.1.LTS\lib\</path>
         <kind>archive</kind>
         <file>rtsv7M4_T_le_v4SPD16_eabi.lib</file>
         <name>s_scalbn.c.obj</name>
      </input_file>
      <input_file id="fl-e9">
         <path>C:\ti\ccs1011\ccs\tools\compiler\ti-cgt-arm_20.2.1.LTS\lib\</path>
         <kind>archive</kind>
         <file>rtsv7M4_T_le_v4SPD16_eabi.lib</file>
         <name>wcslen.c.obj</name>
      </input_file>
      <input_file id="fl-ea">
         <path>C:\ti\ccs1011\ccs\tools\compiler\ti-cgt-arm_20.2.1.LTS\lib\</path>
         <kind>archive</kind>
         <file>rtsv7M4_T_le_v4SPD16_eabi.lib</file>
         <name>fflush.c.obj</name>
      </input_file>
      <input_file id="fl-eb">
         <path>C:\ti\ccs1011\ccs\tools\compiler\ti-cgt-arm_20.2.1.LTS\lib\</path>
         <kind>archive</kind>
         <file>rtsv7M4_T_le_v4SPD16_eabi.lib</file>
         <name>fopen.c.obj</name>
      </input_file>
      <input_file id="fl-ec">
         <path>C:\ti\ccs1011\ccs\tools\compiler\ti-cgt-arm_20.2.1.LTS\lib\</path>
         <kind>archive</kind>
         <file>rtsv7M4_T_le_v4SPD16_eabi.lib</file>
         <name>fseek.c.obj</name>
      </input_file>
      <input_file id="fl-ed">
         <path>C:\ti\ccs1011\ccs\tools\compiler\ti-cgt-arm_20.2.1.LTS\lib\</path>
         <kind>archive</kind>
         <file>rtsv7M4_T_le_v4SPD16_eabi.lib</file>
         <name>div0.asm.obj</name>
      </input_file>
      <input_file id="fl-ee">
         <path>C:\ti\ccs1011\ccs\tools\compiler\ti-cgt-arm_20.2.1.LTS\lib\</path>
         <kind>archive</kind>
         <file>rtsv7M4_T_le_v4SPD16_eabi.lib</file>
         <name>autoinit.c.obj</name>
      </input_file>
      <input_file id="fl-ef">
         <path>C:\ti\ccs1011\ccs\tools\compiler\ti-cgt-arm_20.2.1.LTS\lib\</path>
         <kind>archive</kind>
         <file>rtsv7M4_T_le_v4SPD16_eabi.lib</file>
         <name>pre_init.c.obj</name>
      </input_file>
      <input_file id="fl-f0">
         <path>C:\ti\ccs1011\ccs\tools\compiler\ti-cgt-arm_20.2.1.LTS\lib\</path>
         <kind>archive</kind>
         <file>rtsv7M4_T_le_v4SPD16_eabi.lib</file>
         <name>cpy_tbl.c.obj</name>
      </input_file>
      <input_file id="fl-f1">
         <path>C:\ti\ccs1011\ccs\tools\compiler\ti-cgt-arm_20.2.1.LTS\lib\</path>
         <kind>archive</kind>
         <file>rtsv7M4_T_le_v4SPD16_eabi.lib</file>
         <name>args_main.c.obj</name>
      </input_file>
      <input_file id="fl-f2">
         <path>C:\ti\ccs1011\ccs\tools\compiler\ti-cgt-arm_20.2.1.LTS\lib\</path>
         <kind>archive</kind>
         <file>rtsv7M4_T_le_v4SPD16_eabi.lib</file>
         <name>hostclose.c.obj</name>
      </input_file>
      <input_file id="fl-f3">
         <path>C:\ti\ccs1011\ccs\tools\compiler\ti-cgt-arm_20.2.1.LTS\lib\</path>
         <kind>archive</kind>
         <file>rtsv7M4_T_le_v4SPD16_eabi.lib</file>
         <name>hostlseek.c.obj</name>
      </input_file>
      <input_file id="fl-f4">
         <path>C:\ti\ccs1011\ccs\tools\compiler\ti-cgt-arm_20.2.1.LTS\lib\</path>
         <kind>archive</kind>
         <file>rtsv7M4_T_le_v4SPD16_eabi.lib</file>
         <name>hostopen.c.obj</name>
      </input_file>
      <input_file id="fl-f5">
         <path>C:\ti\ccs1011\ccs\tools\compiler\ti-cgt-arm_20.2.1.LTS\lib\</path>
         <kind>archive</kind>
         <file>rtsv7M4_T_le_v4SPD16_eabi.lib</file>
         <name>hostread.c.obj</name>
      </input_file>
      <input_file id="fl-f6">
         <path>C:\ti\ccs1011\ccs\tools\compiler\ti-cgt-arm_20.2.1.LTS\lib\</path>
         <kind>archive</kind>
         <file>rtsv7M4_T_le_v4SPD16_eabi.lib</file>
         <name>hostrename.c.obj</name>
      </input_file>
      <input_file id="fl-f7">
         <path>C:\ti\ccs1011\ccs\tools\compiler\ti-cgt-arm_20.2.1.LTS\lib\</path>
         <kind>archive</kind>
         <file>rtsv7M4_T_le_v4SPD16_eabi.lib</file>
         <name>hostunlink.c.obj</name>
      </input_file>
      <input_file id="fl-f8">
         <path>C:\ti\ccs1011\ccs\tools\compiler\ti-cgt-arm_20.2.1.LTS\lib\</path>
         <kind>archive</kind>
         <file>rtsv7M4_T_le_v4SPD16_eabi.lib</file>
         <name>hostwrite.c.obj</name>
      </input_file>
      <input_file id="fl-f9">
         <path>C:\ti\ccs1011\ccs\tools\compiler\ti-cgt-arm_20.2.1.LTS\lib\</path>
         <kind>archive</kind>
         <file>rtsv7M4_T_le_v4SPD16_eabi.lib</file>
         <name>trgmsg.c.obj</name>
      </input_file>
      <input_file id="fl-fa">
         <path>C:\ti\ccs1011\ccs\tools\compiler\ti-cgt-arm_20.2.1.LTS\lib\</path>
         <kind>archive</kind>
         <file>rtsv7M4_T_le_v4SPD16_eabi.lib</file>
         <name>open.c.obj</name>
      </input_file>
      <input_file id="fl-fb">
         <path>C:\ti\ccs1011\ccs\tools\compiler\ti-cgt-arm_20.2.1.LTS\lib\</path>
         <kind>archive</kind>
         <file>rtsv7M4_T_le_v4SPD16_eabi.lib</file>
         <name>lseek.c.obj</name>
      </input_file>
      <input_file id="fl-fc">
         <path>C:\ti\ccs1011\ccs\tools\compiler\ti-cgt-arm_20.2.1.LTS\lib\</path>
         <kind>archive</kind>
         <file>rtsv7M4_T_le_v4SPD16_eabi.lib</file>
         <name>s_copysign.c.obj</name>
      </input_file>
      <input_file id="fl-fd">
         <path>C:\ti\ccs1011\ccs\tools\compiler\ti-cgt-arm_20.2.1.LTS\lib\</path>
         <kind>archive</kind>
         <file>rtsv7M4_T_le_v4SPD16_eabi.lib</file>
         <name>fclose.c.obj</name>
      </input_file>
      <input_file id="fl-fe">
         <path>C:\ti\ccs1011\ccs\tools\compiler\ti-cgt-arm_20.2.1.LTS\lib\</path>
         <kind>archive</kind>
         <file>rtsv7M4_T_le_v4SPD16_eabi.lib</file>
         <name>getdevice.c.obj</name>
      </input_file>
      <input_file id="fl-ff">
         <path>C:\ti\ccs1011\ccs\tools\compiler\ti-cgt-arm_20.2.1.LTS\lib\</path>
         <kind>archive</kind>
         <file>rtsv7M4_T_le_v4SPD16_eabi.lib</file>
         <name>strcmp.c.obj</name>
      </input_file>
      <input_file id="fl-100">
         <path>C:\ti\ccs1011\ccs\tools\compiler\ti-cgt-arm_20.2.1.LTS\lib\</path>
         <kind>archive</kind>
         <file>rtsv7M4_T_le_v4SPD16_eabi.lib</file>
         <name>strcpy.c.obj</name>
      </input_file>
      <input_file id="fl-101">
         <path>C:\ti\ccs1011\ccs\tools\compiler\ti-cgt-arm_20.2.1.LTS\lib\</path>
         <kind>archive</kind>
         <file>rtsv7M4_T_le_v4SPD16_eabi.lib</file>
         <name>strncpy.c.obj</name>
      </input_file>
      <input_file id="fl-102">
         <path>C:\ti\ccs1011\ccs\tools\compiler\ti-cgt-arm_20.2.1.LTS\lib\</path>
         <kind>archive</kind>
         <file>rtsv7M4_T_le_v4SPD16_eabi.lib</file>
         <name>remove.c.obj</name>
      </input_file>
      <input_file id="fl-103">
         <path>C:\ti\ccs1011\ccs\tools\compiler\ti-cgt-arm_20.2.1.LTS\lib\</path>
         <kind>archive</kind>
         <file>rtsv7M4_T_le_v4SPD16_eabi.lib</file>
         <name>close.c.obj</name>
      </input_file>
      <input_file id="fl-104">
         <path>C:\ti\ccs1011\ccs\tools\compiler\ti-cgt-arm_20.2.1.LTS\lib\</path>
         <kind>archive</kind>
         <file>rtsv7M4_T_le_v4SPD16_eabi.lib</file>
         <name>unlink.c.obj</name>
      </input_file>
   </input_file_list>
   <object_component_list>
      <object_component id="oc-26">
         <name>.intvecs:retain</name>
         <load_address>0x0</load_address>
         <run_address>0x0</run_address>
         <size>0xe4</size>
         <input_file_ref idref="fl-7"/>
      </object_component>
      <object_component id="oc-b9">
         <name>.text</name>
         <load_address>0xe4</load_address>
         <run_address>0xe4</run_address>
         <size>0xdfc</size>
         <input_file_ref idref="fl-5"/>
      </object_component>
      <object_component id="oc-70">
         <name>.text</name>
         <load_address>0xee0</load_address>
         <run_address>0xee0</run_address>
         <size>0x598</size>
         <input_file_ref idref="fl-2"/>
      </object_component>
      <object_component id="oc-ac">
         <name>.text</name>
         <load_address>0x1478</load_address>
         <run_address>0x1478</run_address>
         <size>0x334</size>
         <input_file_ref idref="fl-8"/>
      </object_component>
      <object_component id="oc-db">
         <name>.text</name>
         <load_address>0x17ac</load_address>
         <run_address>0x17ac</run_address>
         <size>0x1b6</size>
         <input_file_ref idref="fl-c9"/>
      </object_component>
      <object_component id="oc-d6">
         <name>.text</name>
         <load_address>0x1962</load_address>
         <run_address>0x1962</run_address>
         <size>0x136</size>
         <input_file_ref idref="fl-cb"/>
      </object_component>
      <object_component id="oc-b3">
         <name>.text</name>
         <load_address>0x1a98</load_address>
         <run_address>0x1a98</run_address>
         <size>0x104</size>
         <input_file_ref idref="fl-6"/>
      </object_component>
      <object_component id="oc-c4">
         <name>.text</name>
         <load_address>0x1b9c</load_address>
         <run_address>0x1b9c</run_address>
         <size>0xfc</size>
         <input_file_ref idref="fl-cc"/>
      </object_component>
      <object_component id="oc-3a">
         <name>.text</name>
         <load_address>0x1c98</load_address>
         <run_address>0x1c98</run_address>
         <size>0x9c</size>
         <input_file_ref idref="fl-d2"/>
      </object_component>
      <object_component id="oc-94">
         <name>.text</name>
         <load_address>0x1d34</load_address>
         <run_address>0x1d34</run_address>
         <size>0x7a</size>
         <input_file_ref idref="fl-c8"/>
      </object_component>
      <object_component id="oc-c9">
         <name>.text</name>
         <load_address>0x1dae</load_address>
         <run_address>0x1dae</run_address>
         <size>0x6e</size>
         <input_file_ref idref="fl-ce"/>
      </object_component>
      <object_component id="oc-17">
         <name>.text:decompress:lzss:__TI_decompress_lzss</name>
         <load_address>0x1e1c</load_address>
         <run_address>0x1e1c</run_address>
         <size>0x68</size>
         <input_file_ref idref="fl-d7"/>
      </object_component>
      <object_component id="oc-e0">
         <name>.text</name>
         <load_address>0x1e84</load_address>
         <run_address>0x1e84</run_address>
         <size>0x48</size>
         <input_file_ref idref="fl-cd"/>
      </object_component>
      <object_component id="oc-126">
         <name>.text:__TI_auto_init_nobinit_nopinit:__TI_auto_init_nobinit_nopinit</name>
         <load_address>0x1ecc</load_address>
         <run_address>0x1ecc</run_address>
         <size>0x44</size>
         <input_file_ref idref="fl-ee"/>
      </object_component>
      <object_component id="oc-d1">
         <name>.text</name>
         <load_address>0x1f10</load_address>
         <run_address>0x1f10</run_address>
         <size>0x38</size>
         <input_file_ref idref="fl-d0"/>
      </object_component>
      <object_component id="oc-58">
         <name>.text:_c_int00_noargs:_c_int00_noargs</name>
         <load_address>0x1f48</load_address>
         <run_address>0x1f48</run_address>
         <size>0x34</size>
         <input_file_ref idref="fl-e6"/>
      </object_component>
      <object_component id="oc-bf">
         <name>.text</name>
         <load_address>0x1f7c</load_address>
         <run_address>0x1f7c</run_address>
         <size>0x2e</size>
         <input_file_ref idref="fl-d1"/>
      </object_component>
      <object_component id="oc-163">
         <name>.text</name>
         <load_address>0x1faa</load_address>
         <run_address>0x1faa</run_address>
         <size>0x20</size>
         <input_file_ref idref="fl-d3"/>
      </object_component>
      <object_component id="oc-1d">
         <name>.text:decompress:none:__TI_decompress_none</name>
         <load_address>0x1fca</load_address>
         <run_address>0x1fca</run_address>
         <size>0xe</size>
         <input_file_ref idref="fl-d6"/>
      </object_component>
      <object_component id="oc-6a">
         <name>.text</name>
         <load_address>0x1fd8</load_address>
         <run_address>0x1fd8</run_address>
         <size>0xe</size>
         <input_file_ref idref="fl-7"/>
      </object_component>
      <object_component id="oc-4c">
         <name>.text:decompress:ZI:__TI_zero_init</name>
         <load_address>0x1fe6</load_address>
         <run_address>0x1fe6</run_address>
         <size>0xc</size>
         <input_file_ref idref="fl-d5"/>
      </object_component>
      <object_component id="oc-9a">
         <name>.text:_system_pre_init</name>
         <load_address>0x1ff2</load_address>
         <run_address>0x1ff2</run_address>
         <size>0x4</size>
         <input_file_ref idref="fl-ef"/>
      </object_component>
      <object_component id="oc-11a">
         <name>.text:abort:abort</name>
         <load_address>0x1ff6</load_address>
         <run_address>0x1ff6</run_address>
         <size>0x4</size>
         <input_file_ref idref="fl-d8"/>
      </object_component>
      <object_component id="oc-160">
         <name>.const:ASCII_BIG</name>
         <load_address>0x1ffa</load_address>
         <run_address>0x1ffa</run_address>
         <size>0x5b0</size>
         <input_file_ref idref="fl-5"/>
      </object_component>
      <object_component id="oc-e5">
         <name>.const:.string:bilkeyelectric</name>
         <load_address>0x25aa</load_address>
         <run_address>0x25aa</run_address>
         <size>0x1f8</size>
         <input_file_ref idref="fl-2"/>
      </object_component>
      <object_component id="oc-ee">
         <name>.const:.string:grid</name>
         <load_address>0x27a2</load_address>
         <run_address>0x27a2</run_address>
         <size>0x1f8</size>
         <input_file_ref idref="fl-2"/>
      </object_component>
      <object_component id="oc-e8">
         <name>.const:.string:reading</name>
         <load_address>0x299a</load_address>
         <run_address>0x299a</run_address>
         <size>0x1f8</size>
         <input_file_ref idref="fl-2"/>
      </object_component>
      <object_component id="oc-15d">
         <name>.const:ASCII</name>
         <load_address>0x2b92</load_address>
         <run_address>0x2b92</run_address>
         <size>0x1db</size>
         <input_file_ref idref="fl-5"/>
      </object_component>
      <object_component id="oc-214">
         <name>.cinit..data.load</name>
         <load_address>0x2d70</load_address>
         <run_address>0x2d70</run_address>
         <size>0xf</size>
      </object_component>
      <object_component id="oc-212">
         <name>__TI_handler_table</name>
         <load_address>0x2d80</load_address>
         <run_address>0x2d80</run_address>
         <size>0xc</size>
      </object_component>
      <object_component id="oc-215">
         <name>.cinit..bss.load</name>
         <load_address>0x2d90</load_address>
         <run_address>0x2d90</run_address>
         <size>0x8</size>
      </object_component>
      <object_component id="oc-213">
         <name>__TI_cinit_table</name>
         <load_address>0x2d98</load_address>
         <run_address>0x2d98</run_address>
         <size>0x10</size>
      </object_component>
      <object_component id="oc-1e6">
         <name>.binit</name>
         <load_address>0x0</load_address>
         <run_address>0x0</run_address>
         <size>0x0</size>
      </object_component>
      <object_component id="oc-ce">
         <name>.data</name>
         <load_address>0x200007f4</load_address>
         <run_address>0x200007f4</run_address>
         <size>0x5</size>
         <input_file_ref idref="fl-2"/>
      </object_component>
      <object_component id="oc-158">
         <name>.data</name>
         <load_address>0x200007fc</load_address>
         <run_address>0x200007fc</run_address>
         <size>0x4</size>
         <input_file_ref idref="fl-8"/>
      </object_component>
      <object_component id="oc-eb">
         <name>.common:results</name>
         <uninitialized>true</uninitialized>
         <run_address>0x20000400</run_address>
         <size>0x3f4</size>
      </object_component>
      <object_component id="oc-29">
         <name>.sysmem</name>
         <uninitialized>true</uninitialized>
         <run_address>0x20000000</run_address>
         <size>0x10</size>
         <input_file_ref idref="fl-e0"/>
      </object_component>
      <object_component id="oc-218">
         <name>.sysmem</name>
         <uninitialized>true</uninitialized>
         <run_address>0x20000000</run_address>
         <size>0x0</size>
      </object_component>
      <object_component id="oc-2c">
         <name>.stack</name>
         <uninitialized>true</uninitialized>
         <run_address>0x2000fe00</run_address>
         <size>0x4</size>
         <input_file_ref idref="fl-e6"/>
      </object_component>
      <object_component id="oc-217">
         <name>.stack</name>
         <uninitialized>true</uninitialized>
         <run_address>0x2000fe00</run_address>
         <size>0x0</size>
      </object_component>
      <object_component id="oc-ec">
         <name>.debug_info</name>
         <load_address>0x0</load_address>
         <run_address>0x0</run_address>
         <size>0x76f</size>
         <input_file_ref idref="fl-2"/>
      </object_component>
      <object_component id="oc-e6">
         <name>.debug_info</name>
         <load_address>0x76f</load_address>
         <run_address>0x76f</run_address>
         <size>0x112</size>
         <input_file_ref idref="fl-2"/>
      </object_component>
      <object_component id="oc-ef">
         <name>.debug_info</name>
         <load_address>0x881</load_address>
         <run_address>0x881</run_address>
         <size>0xff</size>
         <input_file_ref idref="fl-2"/>
      </object_component>
      <object_component id="oc-e9">
         <name>.debug_info</name>
         <load_address>0x980</load_address>
         <run_address>0x980</run_address>
         <size>0x105</size>
         <input_file_ref idref="fl-2"/>
      </object_component>
      <object_component id="oc-cf">
         <name>.debug_info</name>
         <load_address>0xa85</load_address>
         <run_address>0xa85</run_address>
         <size>0x12c</size>
         <input_file_ref idref="fl-2"/>
      </object_component>
      <object_component id="oc-71">
         <name>.debug_info</name>
         <load_address>0xbb1</load_address>
         <run_address>0xbb1</run_address>
         <size>0x9cd</size>
         <input_file_ref idref="fl-2"/>
      </object_component>
      <object_component id="oc-179">
         <name>.debug_info</name>
         <load_address>0x157e</load_address>
         <run_address>0x157e</run_address>
         <size>0x37e2</size>
         <input_file_ref idref="fl-2"/>
      </object_component>
      <object_component id="oc-17e">
         <name>.debug_info</name>
         <load_address>0x4d60</load_address>
         <run_address>0x4d60</run_address>
         <size>0x1055</size>
         <input_file_ref idref="fl-2"/>
      </object_component>
      <object_component id="oc-f9">
         <name>.debug_info</name>
         <load_address>0x5db5</load_address>
         <run_address>0x5db5</run_address>
         <size>0x26b</size>
         <input_file_ref idref="fl-2"/>
      </object_component>
      <object_component id="oc-35">
         <name>.debug_info</name>
         <load_address>0x6020</load_address>
         <run_address>0x6020</run_address>
         <size>0x84</size>
         <input_file_ref idref="fl-2"/>
      </object_component>
      <object_component id="oc-185">
         <name>.debug_info</name>
         <load_address>0x60a4</load_address>
         <run_address>0x60a4</run_address>
         <size>0x2a4</size>
         <input_file_ref idref="fl-2"/>
      </object_component>
      <object_component id="oc-f2">
         <name>.debug_info</name>
         <load_address>0x6348</load_address>
         <run_address>0x6348</run_address>
         <size>0xbb</size>
         <input_file_ref idref="fl-2"/>
      </object_component>
      <object_component id="oc-169">
         <name>.debug_info</name>
         <load_address>0x6403</load_address>
         <run_address>0x6403</run_address>
         <size>0x5d2</size>
         <input_file_ref idref="fl-5"/>
      </object_component>
      <object_component id="oc-15e">
         <name>.debug_info</name>
         <load_address>0x69d5</load_address>
         <run_address>0x69d5</run_address>
         <size>0x108</size>
         <input_file_ref idref="fl-5"/>
      </object_component>
      <object_component id="oc-161">
         <name>.debug_info</name>
         <load_address>0x6add</load_address>
         <run_address>0x6add</run_address>
         <size>0x110</size>
         <input_file_ref idref="fl-5"/>
      </object_component>
      <object_component id="oc-bc">
         <name>.debug_info</name>
         <load_address>0x6bed</load_address>
         <run_address>0x6bed</run_address>
         <size>0x1d5a</size>
         <input_file_ref idref="fl-5"/>
      </object_component>
      <object_component id="oc-b5">
         <name>.debug_info</name>
         <load_address>0x8947</load_address>
         <run_address>0x8947</run_address>
         <size>0x1c3</size>
         <input_file_ref idref="fl-6"/>
      </object_component>
      <object_component id="oc-78">
         <name>.debug_info</name>
         <load_address>0x8b0a</load_address>
         <run_address>0x8b0a</run_address>
         <size>0x2fe</size>
         <input_file_ref idref="fl-7"/>
      </object_component>
      <object_component id="oc-27">
         <name>.debug_info</name>
         <load_address>0x8e08</load_address>
         <run_address>0x8e08</run_address>
         <size>0x12a</size>
         <input_file_ref idref="fl-7"/>
      </object_component>
      <object_component id="oc-6b">
         <name>.debug_info</name>
         <load_address>0x8f32</load_address>
         <run_address>0x8f32</run_address>
         <size>0x1f1</size>
         <input_file_ref idref="fl-7"/>
      </object_component>
      <object_component id="oc-159">
         <name>.debug_info</name>
         <load_address>0x9123</load_address>
         <run_address>0x9123</run_address>
         <size>0x123</size>
         <input_file_ref idref="fl-8"/>
      </object_component>
      <object_component id="oc-b0">
         <name>.debug_info</name>
         <load_address>0x9246</load_address>
         <run_address>0x9246</run_address>
         <size>0x295</size>
         <input_file_ref idref="fl-8"/>
      </object_component>
      <object_component id="oc-111">
         <name>.debug_info</name>
         <load_address>0x94db</load_address>
         <run_address>0x94db</run_address>
         <size>0x2c</size>
         <input_file_ref idref="fl-c5"/>
      </object_component>
      <object_component id="oc-95">
         <name>.debug_info</name>
         <load_address>0x9507</load_address>
         <run_address>0x9507</run_address>
         <size>0x147</size>
         <input_file_ref idref="fl-c8"/>
      </object_component>
      <object_component id="oc-dd">
         <name>.debug_info</name>
         <load_address>0x964e</load_address>
         <run_address>0x964e</run_address>
         <size>0x14c</size>
         <input_file_ref idref="fl-c9"/>
      </object_component>
      <object_component id="oc-d9">
         <name>.debug_info</name>
         <load_address>0x979a</load_address>
         <run_address>0x979a</run_address>
         <size>0x13a</size>
         <input_file_ref idref="fl-cb"/>
      </object_component>
      <object_component id="oc-c7">
         <name>.debug_info</name>
         <load_address>0x98d4</load_address>
         <run_address>0x98d4</run_address>
         <size>0x13a</size>
         <input_file_ref idref="fl-cc"/>
      </object_component>
      <object_component id="oc-e1">
         <name>.debug_info</name>
         <load_address>0x9a0e</load_address>
         <run_address>0x9a0e</run_address>
         <size>0x12e</size>
         <input_file_ref idref="fl-cd"/>
      </object_component>
      <object_component id="oc-cc">
         <name>.debug_info</name>
         <load_address>0x9b3c</load_address>
         <run_address>0x9b3c</run_address>
         <size>0x13e</size>
         <input_file_ref idref="fl-ce"/>
      </object_component>
      <object_component id="oc-d2">
         <name>.debug_info</name>
         <load_address>0x9c7a</load_address>
         <run_address>0x9c7a</run_address>
         <size>0x12c</size>
         <input_file_ref idref="fl-d0"/>
      </object_component>
      <object_component id="oc-c1">
         <name>.debug_info</name>
         <load_address>0x9da6</load_address>
         <run_address>0x9da6</run_address>
         <size>0x12c</size>
         <input_file_ref idref="fl-d1"/>
      </object_component>
      <object_component id="oc-3d">
         <name>.debug_info</name>
         <load_address>0x9ed2</load_address>
         <run_address>0x9ed2</run_address>
         <size>0x119</size>
         <input_file_ref idref="fl-d2"/>
      </object_component>
      <object_component id="oc-164">
         <name>.debug_info</name>
         <load_address>0x9feb</load_address>
         <run_address>0x9feb</run_address>
         <size>0x12e</size>
         <input_file_ref idref="fl-d3"/>
      </object_component>
      <object_component id="oc-93">
         <name>.debug_info</name>
         <load_address>0xa119</load_address>
         <run_address>0xa119</run_address>
         <size>0x2d4</size>
         <input_file_ref idref="fl-d5"/>
      </object_component>
      <object_component id="oc-4d">
         <name>.debug_info</name>
         <load_address>0xa3ed</load_address>
         <run_address>0xa3ed</run_address>
         <size>0x1b5</size>
         <input_file_ref idref="fl-d5"/>
      </object_component>
      <object_component id="oc-8e">
         <name>.debug_info</name>
         <load_address>0xa5a2</load_address>
         <run_address>0xa5a2</run_address>
         <size>0x46</size>
         <input_file_ref idref="fl-d5"/>
      </object_component>
      <object_component id="oc-45">
         <name>.debug_info</name>
         <load_address>0xa5e8</load_address>
         <run_address>0xa5e8</run_address>
         <size>0x2a8</size>
         <input_file_ref idref="fl-d6"/>
      </object_component>
      <object_component id="oc-1e">
         <name>.debug_info</name>
         <load_address>0xa890</load_address>
         <run_address>0xa890</run_address>
         <size>0x1ea</size>
         <input_file_ref idref="fl-d6"/>
      </object_component>
      <object_component id="oc-40">
         <name>.debug_info</name>
         <load_address>0xaa7a</load_address>
         <run_address>0xaa7a</run_address>
         <size>0x46</size>
         <input_file_ref idref="fl-d6"/>
      </object_component>
      <object_component id="oc-86">
         <name>.debug_info</name>
         <load_address>0xaac0</load_address>
         <run_address>0xaac0</run_address>
         <size>0x2c</size>
         <input_file_ref idref="fl-d6"/>
      </object_component>
      <object_component id="oc-84">
         <name>.debug_info</name>
         <load_address>0xaaec</load_address>
         <run_address>0xaaec</run_address>
         <size>0x29e</size>
         <input_file_ref idref="fl-d7"/>
      </object_component>
      <object_component id="oc-19">
         <name>.debug_info</name>
         <load_address>0xad8a</load_address>
         <run_address>0xad8a</run_address>
         <size>0x250</size>
         <input_file_ref idref="fl-d7"/>
      </object_component>
      <object_component id="oc-30">
         <name>.debug_info</name>
         <load_address>0xafda</load_address>
         <run_address>0xafda</run_address>
         <size>0x60</size>
         <input_file_ref idref="fl-d7"/>
      </object_component>
      <object_component id="oc-10a">
         <name>.debug_info</name>
         <load_address>0xb03a</load_address>
         <run_address>0xb03a</run_address>
         <size>0x46</size>
         <input_file_ref idref="fl-d7"/>
      </object_component>
      <object_component id="oc-7f">
         <name>.debug_info</name>
         <load_address>0xb080</load_address>
         <run_address>0xb080</run_address>
         <size>0x39</size>
         <input_file_ref idref="fl-d7"/>
      </object_component>
      <object_component id="oc-11c">
         <name>.debug_info</name>
         <load_address>0xb0b9</load_address>
         <run_address>0xb0b9</run_address>
         <size>0x122</size>
         <input_file_ref idref="fl-d8"/>
      </object_component>
      <object_component id="oc-7b">
         <name>.debug_info</name>
         <load_address>0xb1db</load_address>
         <run_address>0xb1db</run_address>
         <size>0x3b2</size>
         <input_file_ref idref="fl-e0"/>
      </object_component>
      <object_component id="oc-2a">
         <name>.debug_info</name>
         <load_address>0xb58d</load_address>
         <run_address>0xb58d</run_address>
         <size>0x10c</size>
         <input_file_ref idref="fl-e0"/>
      </object_component>
      <object_component id="oc-105">
         <name>.debug_info</name>
         <load_address>0xb699</load_address>
         <run_address>0xb699</run_address>
         <size>0xb2</size>
         <input_file_ref idref="fl-e0"/>
      </object_component>
      <object_component id="oc-100">
         <name>.debug_info</name>
         <load_address>0xb74b</load_address>
         <run_address>0xb74b</run_address>
         <size>0x2c</size>
         <input_file_ref idref="fl-e0"/>
      </object_component>
      <object_component id="oc-2d">
         <name>.debug_info</name>
         <load_address>0xb777</load_address>
         <run_address>0xb777</run_address>
         <size>0x10b</size>
         <input_file_ref idref="fl-e6"/>
      </object_component>
      <object_component id="oc-5a">
         <name>.debug_info</name>
         <load_address>0xb882</load_address>
         <run_address>0xb882</run_address>
         <size>0x1a9</size>
         <input_file_ref idref="fl-e6"/>
      </object_component>
      <object_component id="oc-195">
         <name>.debug_info</name>
         <load_address>0xba2b</load_address>
         <run_address>0xba2b</run_address>
         <size>0x4b3</size>
         <input_file_ref idref="fl-ee"/>
      </object_component>
      <object_component id="oc-12a">
         <name>.debug_info</name>
         <load_address>0xbede</load_address>
         <run_address>0xbede</run_address>
         <size>0x1a6</size>
         <input_file_ref idref="fl-ee"/>
      </object_component>
      <object_component id="oc-1c3">
         <name>.debug_info</name>
         <load_address>0xc084</load_address>
         <run_address>0xc084</run_address>
         <size>0x39</size>
         <input_file_ref idref="fl-ee"/>
      </object_component>
      <object_component id="oc-1d7">
         <name>.debug_info</name>
         <load_address>0xc0bd</load_address>
         <run_address>0xc0bd</run_address>
         <size>0x39</size>
         <input_file_ref idref="fl-ee"/>
      </object_component>
      <object_component id="oc-1c8">
         <name>.debug_info</name>
         <load_address>0xc0f6</load_address>
         <run_address>0xc0f6</run_address>
         <size>0x39</size>
         <input_file_ref idref="fl-ee"/>
      </object_component>
      <object_component id="oc-1cd">
         <name>.debug_info</name>
         <load_address>0xc12f</load_address>
         <run_address>0xc12f</run_address>
         <size>0xcd</size>
         <input_file_ref idref="fl-ee"/>
      </object_component>
      <object_component id="oc-9e">
         <name>.debug_info</name>
         <load_address>0xc1fc</load_address>
         <run_address>0xc1fc</run_address>
         <size>0x153</size>
         <input_file_ref idref="fl-ef"/>
      </object_component>
      <object_component id="oc-219">
         <name>.debug_info</name>
         <load_address>0xc34f</load_address>
         <run_address>0xc34f</run_address>
         <size>0xd6</size>
      </object_component>
      <object_component id="oc-178">
         <name>.debug_line</name>
         <load_address>0x0</load_address>
         <run_address>0x0</run_address>
         <size>0x58</size>
         <input_file_ref idref="fl-2"/>
      </object_component>
      <object_component id="oc-174">
         <name>.debug_line</name>
         <load_address>0x58</load_address>
         <run_address>0x58</run_address>
         <size>0x2f</size>
         <input_file_ref idref="fl-2"/>
      </object_component>
      <object_component id="oc-184">
         <name>.debug_line</name>
         <load_address>0x87</load_address>
         <run_address>0x87</run_address>
         <size>0x2f</size>
         <input_file_ref idref="fl-2"/>
      </object_component>
      <object_component id="oc-176">
         <name>.debug_line</name>
         <load_address>0xb6</load_address>
         <run_address>0xb6</run_address>
         <size>0x2f</size>
         <input_file_ref idref="fl-2"/>
      </object_component>
      <object_component id="oc-16e">
         <name>.debug_line</name>
         <load_address>0xe5</load_address>
         <run_address>0xe5</run_address>
         <size>0x41</size>
         <input_file_ref idref="fl-2"/>
      </object_component>
      <object_component id="oc-75">
         <name>.debug_line</name>
         <load_address>0x126</load_address>
         <run_address>0x126</run_address>
         <size>0x296</size>
         <input_file_ref idref="fl-2"/>
      </object_component>
      <object_component id="oc-17c">
         <name>.debug_line</name>
         <load_address>0x3bc</load_address>
         <run_address>0x3bc</run_address>
         <size>0x58</size>
         <input_file_ref idref="fl-2"/>
      </object_component>
      <object_component id="oc-181">
         <name>.debug_line</name>
         <load_address>0x414</load_address>
         <run_address>0x414</run_address>
         <size>0x5b</size>
         <input_file_ref idref="fl-2"/>
      </object_component>
      <object_component id="oc-fc">
         <name>.debug_line</name>
         <load_address>0x46f</load_address>
         <run_address>0x46f</run_address>
         <size>0x6f</size>
         <input_file_ref idref="fl-2"/>
      </object_component>
      <object_component id="oc-38">
         <name>.debug_line</name>
         <load_address>0x4de</load_address>
         <run_address>0x4de</run_address>
         <size>0x20</size>
         <input_file_ref idref="fl-2"/>
      </object_component>
      <object_component id="oc-188">
         <name>.debug_line</name>
         <load_address>0x4fe</load_address>
         <run_address>0x4fe</run_address>
         <size>0x73</size>
         <input_file_ref idref="fl-2"/>
      </object_component>
      <object_component id="oc-f5">
         <name>.debug_line</name>
         <load_address>0x571</load_address>
         <run_address>0x571</run_address>
         <size>0x70</size>
         <input_file_ref idref="fl-2"/>
      </object_component>
      <object_component id="oc-1b2">
         <name>.debug_line</name>
         <load_address>0x5e1</load_address>
         <run_address>0x5e1</run_address>
         <size>0x20</size>
         <input_file_ref idref="fl-5"/>
      </object_component>
      <object_component id="oc-1ad">
         <name>.debug_line</name>
         <load_address>0x601</load_address>
         <run_address>0x601</run_address>
         <size>0x3a</size>
         <input_file_ref idref="fl-5"/>
      </object_component>
      <object_component id="oc-1af">
         <name>.debug_line</name>
         <load_address>0x63b</load_address>
         <run_address>0x63b</run_address>
         <size>0x3a</size>
         <input_file_ref idref="fl-5"/>
      </object_component>
      <object_component id="oc-be">
         <name>.debug_line</name>
         <load_address>0x675</load_address>
         <run_address>0x675</run_address>
         <size>0x661</size>
         <input_file_ref idref="fl-5"/>
      </object_component>
      <object_component id="oc-b8">
         <name>.debug_line</name>
         <load_address>0xcd6</load_address>
         <run_address>0xcd6</run_address>
         <size>0x7a</size>
         <input_file_ref idref="fl-6"/>
      </object_component>
      <object_component id="oc-f8">
         <name>.debug_line</name>
         <load_address>0xd50</load_address>
         <run_address>0xd50</run_address>
         <size>0x40</size>
         <input_file_ref idref="fl-7"/>
      </object_component>
      <object_component id="oc-77">
         <name>.debug_line</name>
         <load_address>0xd90</load_address>
         <run_address>0xd90</run_address>
         <size>0x40</size>
         <input_file_ref idref="fl-7"/>
      </object_component>
      <object_component id="oc-6f">
         <name>.debug_line</name>
         <load_address>0xdd0</load_address>
         <run_address>0xdd0</run_address>
         <size>0x71</size>
         <input_file_ref idref="fl-7"/>
      </object_component>
      <object_component id="oc-1ab">
         <name>.debug_line</name>
         <load_address>0xe41</load_address>
         <run_address>0xe41</run_address>
         <size>0x3b</size>
         <input_file_ref idref="fl-8"/>
      </object_component>
      <object_component id="oc-af">
         <name>.debug_line</name>
         <load_address>0xe7c</load_address>
         <run_address>0xe7c</run_address>
         <size>0x134</size>
         <input_file_ref idref="fl-8"/>
      </object_component>
      <object_component id="oc-114">
         <name>.debug_line</name>
         <load_address>0xfb0</load_address>
         <run_address>0xfb0</run_address>
         <size>0x92</size>
         <input_file_ref idref="fl-c5"/>
      </object_component>
      <object_component id="oc-98">
         <name>.debug_line</name>
         <load_address>0x1042</load_address>
         <run_address>0x1042</run_address>
         <size>0x79</size>
         <input_file_ref idref="fl-c8"/>
      </object_component>
      <object_component id="oc-dc">
         <name>.debug_line</name>
         <load_address>0x10bb</load_address>
         <run_address>0x10bb</run_address>
         <size>0xd2</size>
         <input_file_ref idref="fl-c9"/>
      </object_component>
      <object_component id="oc-d7">
         <name>.debug_line</name>
         <load_address>0x118d</load_address>
         <run_address>0x118d</run_address>
         <size>0xa8</size>
         <input_file_ref idref="fl-cb"/>
      </object_component>
      <object_component id="oc-c6">
         <name>.debug_line</name>
         <load_address>0x1235</load_address>
         <run_address>0x1235</run_address>
         <size>0x8e</size>
         <input_file_ref idref="fl-cc"/>
      </object_component>
      <object_component id="oc-e4">
         <name>.debug_line</name>
         <load_address>0x12c3</load_address>
         <run_address>0x12c3</run_address>
         <size>0x5a</size>
         <input_file_ref idref="fl-cd"/>
      </object_component>
      <object_component id="oc-ca">
         <name>.debug_line</name>
         <load_address>0x131d</load_address>
         <run_address>0x131d</run_address>
         <size>0x67</size>
         <input_file_ref idref="fl-ce"/>
      </object_component>
      <object_component id="oc-d5">
         <name>.debug_line</name>
         <load_address>0x1384</load_address>
         <run_address>0x1384</run_address>
         <size>0x57</size>
         <input_file_ref idref="fl-d0"/>
      </object_component>
      <object_component id="oc-c3">
         <name>.debug_line</name>
         <load_address>0x13db</load_address>
         <run_address>0x13db</run_address>
         <size>0x50</size>
         <input_file_ref idref="fl-d1"/>
      </object_component>
      <object_component id="oc-3c">
         <name>.debug_line</name>
         <load_address>0x142b</load_address>
         <run_address>0x142b</run_address>
         <size>0x88</size>
         <input_file_ref idref="fl-d2"/>
      </object_component>
      <object_component id="oc-167">
         <name>.debug_line</name>
         <load_address>0x14b3</load_address>
         <run_address>0x14b3</run_address>
         <size>0x4c</size>
         <input_file_ref idref="fl-d3"/>
      </object_component>
      <object_component id="oc-117">
         <name>.debug_line</name>
         <load_address>0x14ff</load_address>
         <run_address>0x14ff</run_address>
         <size>0x92</size>
         <input_file_ref idref="fl-d5"/>
      </object_component>
      <object_component id="oc-51">
         <name>.debug_line</name>
         <load_address>0x1591</load_address>
         <run_address>0x1591</run_address>
         <size>0x53</size>
         <input_file_ref idref="fl-d5"/>
      </object_component>
      <object_component id="oc-91">
         <name>.debug_line</name>
         <load_address>0x15e4</load_address>
         <run_address>0x15e4</run_address>
         <size>0x34</size>
         <input_file_ref idref="fl-d5"/>
      </object_component>
      <object_component id="oc-8c">
         <name>.debug_line</name>
         <load_address>0x1618</load_address>
         <run_address>0x1618</run_address>
         <size>0x20</size>
         <input_file_ref idref="fl-d6"/>
      </object_component>
      <object_component id="oc-21">
         <name>.debug_line</name>
         <load_address>0x1638</load_address>
         <run_address>0x1638</run_address>
         <size>0x55</size>
         <input_file_ref idref="fl-d6"/>
      </object_component>
      <object_component id="oc-43">
         <name>.debug_line</name>
         <load_address>0x168d</load_address>
         <run_address>0x168d</run_address>
         <size>0x3a</size>
         <input_file_ref idref="fl-d6"/>
      </object_component>
      <object_component id="oc-89">
         <name>.debug_line</name>
         <load_address>0x16c7</load_address>
         <run_address>0x16c7</run_address>
         <size>0x92</size>
         <input_file_ref idref="fl-d6"/>
      </object_component>
      <object_component id="oc-110">
         <name>.debug_line</name>
         <load_address>0x1759</load_address>
         <run_address>0x1759</run_address>
         <size>0x20</size>
         <input_file_ref idref="fl-d7"/>
      </object_component>
      <object_component id="oc-1c">
         <name>.debug_line</name>
         <load_address>0x1779</load_address>
         <run_address>0x1779</run_address>
         <size>0xa9</size>
         <input_file_ref idref="fl-d7"/>
      </object_component>
      <object_component id="oc-33">
         <name>.debug_line</name>
         <load_address>0x1822</load_address>
         <run_address>0x1822</run_address>
         <size>0x3a</size>
         <input_file_ref idref="fl-d7"/>
      </object_component>
      <object_component id="oc-10d">
         <name>.debug_line</name>
         <load_address>0x185c</load_address>
         <run_address>0x185c</run_address>
         <size>0x9a</size>
         <input_file_ref idref="fl-d7"/>
      </object_component>
      <object_component id="oc-82">
         <name>.debug_line</name>
         <load_address>0x18f6</load_address>
         <run_address>0x18f6</run_address>
         <size>0x96</size>
         <input_file_ref idref="fl-d7"/>
      </object_component>
      <object_component id="oc-11b">
         <name>.debug_line</name>
         <load_address>0x198c</load_address>
         <run_address>0x198c</run_address>
         <size>0x3c</size>
         <input_file_ref idref="fl-d8"/>
      </object_component>
      <object_component id="oc-ff">
         <name>.debug_line</name>
         <load_address>0x19c8</load_address>
         <run_address>0x19c8</run_address>
         <size>0x10f</size>
         <input_file_ref idref="fl-e0"/>
      </object_component>
      <object_component id="oc-7a">
         <name>.debug_line</name>
         <load_address>0x1ad7</load_address>
         <run_address>0x1ad7</run_address>
         <size>0x2c</size>
         <input_file_ref idref="fl-e0"/>
      </object_component>
      <object_component id="oc-108">
         <name>.debug_line</name>
         <load_address>0x1b03</load_address>
         <run_address>0x1b03</run_address>
         <size>0x2c</size>
         <input_file_ref idref="fl-e0"/>
      </object_component>
      <object_component id="oc-103">
         <name>.debug_line</name>
         <load_address>0x1b2f</load_address>
         <run_address>0x1b2f</run_address>
         <size>0x92</size>
         <input_file_ref idref="fl-e0"/>
      </object_component>
      <object_component id="oc-7e">
         <name>.debug_line</name>
         <load_address>0x1bc1</load_address>
         <run_address>0x1bc1</run_address>
         <size>0x33</size>
         <input_file_ref idref="fl-e6"/>
      </object_component>
      <object_component id="oc-59">
         <name>.debug_line</name>
         <load_address>0x1bf4</load_address>
         <run_address>0x1bf4</run_address>
         <size>0x45</size>
         <input_file_ref idref="fl-e6"/>
      </object_component>
      <object_component id="oc-1c2">
         <name>.debug_line</name>
         <load_address>0x1c39</load_address>
         <run_address>0x1c39</run_address>
         <size>0xbf</size>
         <input_file_ref idref="fl-ee"/>
      </object_component>
      <object_component id="oc-129">
         <name>.debug_line</name>
         <load_address>0x1cf8</load_address>
         <run_address>0x1cf8</run_address>
         <size>0x6f</size>
         <input_file_ref idref="fl-ee"/>
      </object_component>
      <object_component id="oc-1c6">
         <name>.debug_line</name>
         <load_address>0x1d67</load_address>
         <run_address>0x1d67</run_address>
         <size>0x2e</size>
         <input_file_ref idref="fl-ee"/>
      </object_component>
      <object_component id="oc-1da">
         <name>.debug_line</name>
         <load_address>0x1d95</load_address>
         <run_address>0x1d95</run_address>
         <size>0x9a</size>
         <input_file_ref idref="fl-ee"/>
      </object_component>
      <object_component id="oc-1cb">
         <name>.debug_line</name>
         <load_address>0x1e2f</load_address>
         <run_address>0x1e2f</run_address>
         <size>0x97</size>
         <input_file_ref idref="fl-ee"/>
      </object_component>
      <object_component id="oc-1d0">
         <name>.debug_line</name>
         <load_address>0x1ec6</load_address>
         <run_address>0x1ec6</run_address>
         <size>0x93</size>
         <input_file_ref idref="fl-ee"/>
      </object_component>
      <object_component id="oc-9c">
         <name>.debug_line</name>
         <load_address>0x1f59</load_address>
         <run_address>0x1f59</run_address>
         <size>0x40</size>
         <input_file_ref idref="fl-ef"/>
      </object_component>
      <object_component id="oc-74">
         <name>.debug_frame</name>
         <load_address>0x0</load_address>
         <run_address>0x0</run_address>
         <size>0x170</size>
         <input_file_ref idref="fl-2"/>
      </object_component>
      <object_component id="oc-ba">
         <name>.debug_frame</name>
         <load_address>0x170</load_address>
         <run_address>0x170</run_address>
         <size>0x398</size>
         <input_file_ref idref="fl-5"/>
      </object_component>
      <object_component id="oc-b4">
         <name>.debug_frame</name>
         <load_address>0x508</load_address>
         <run_address>0x508</run_address>
         <size>0x6c</size>
         <input_file_ref idref="fl-6"/>
      </object_component>
      <object_component id="oc-6e">
         <name>.debug_frame</name>
         <load_address>0x574</load_address>
         <run_address>0x574</run_address>
         <size>0x6c</size>
         <input_file_ref idref="fl-7"/>
      </object_component>
      <object_component id="oc-ae">
         <name>.debug_frame</name>
         <load_address>0x5e0</load_address>
         <run_address>0x5e0</run_address>
         <size>0x70</size>
         <input_file_ref idref="fl-8"/>
      </object_component>
      <object_component id="oc-50">
         <name>.debug_frame</name>
         <load_address>0x650</load_address>
         <run_address>0x650</run_address>
         <size>0x54</size>
         <input_file_ref idref="fl-d5"/>
      </object_component>
      <object_component id="oc-22">
         <name>.debug_frame</name>
         <load_address>0x6a4</load_address>
         <run_address>0x6a4</run_address>
         <size>0x54</size>
         <input_file_ref idref="fl-d6"/>
      </object_component>
      <object_component id="oc-1b">
         <name>.debug_frame</name>
         <load_address>0x6f8</load_address>
         <run_address>0x6f8</run_address>
         <size>0x60</size>
         <input_file_ref idref="fl-d7"/>
      </object_component>
      <object_component id="oc-11f">
         <name>.debug_frame</name>
         <load_address>0x758</load_address>
         <run_address>0x758</run_address>
         <size>0x54</size>
         <input_file_ref idref="fl-d8"/>
      </object_component>
      <object_component id="oc-5d">
         <name>.debug_frame</name>
         <load_address>0x7ac</load_address>
         <run_address>0x7ac</run_address>
         <size>0x50</size>
         <input_file_ref idref="fl-e6"/>
      </object_component>
      <object_component id="oc-128">
         <name>.debug_frame</name>
         <load_address>0x7fc</load_address>
         <run_address>0x7fc</run_address>
         <size>0x5c</size>
         <input_file_ref idref="fl-ee"/>
      </object_component>
      <object_component id="oc-9d">
         <name>.debug_frame</name>
         <load_address>0x858</load_address>
         <run_address>0x858</run_address>
         <size>0x54</size>
         <input_file_ref idref="fl-ef"/>
      </object_component>
      <object_component id="oc-177">
         <name>.debug_abbrev</name>
         <load_address>0x0</load_address>
         <run_address>0x0</run_address>
         <size>0x117</size>
         <input_file_ref idref="fl-2"/>
      </object_component>
      <object_component id="oc-173">
         <name>.debug_abbrev</name>
         <load_address>0x117</load_address>
         <run_address>0x117</run_address>
         <size>0x27</size>
         <input_file_ref idref="fl-2"/>
      </object_component>
      <object_component id="oc-183">
         <name>.debug_abbrev</name>
         <load_address>0x13e</load_address>
         <run_address>0x13e</run_address>
         <size>0x27</size>
         <input_file_ref idref="fl-2"/>
      </object_component>
      <object_component id="oc-175">
         <name>.debug_abbrev</name>
         <load_address>0x165</load_address>
         <run_address>0x165</run_address>
         <size>0x27</size>
         <input_file_ref idref="fl-2"/>
      </object_component>
      <object_component id="oc-16d">
         <name>.debug_abbrev</name>
         <load_address>0x18c</load_address>
         <run_address>0x18c</run_address>
         <size>0x29</size>
         <input_file_ref idref="fl-2"/>
      </object_component>
      <object_component id="oc-f1">
         <name>.debug_abbrev</name>
         <load_address>0x1b5</load_address>
         <run_address>0x1b5</run_address>
         <size>0xb4</size>
         <input_file_ref idref="fl-2"/>
      </object_component>
      <object_component id="oc-17b">
         <name>.debug_abbrev</name>
         <load_address>0x269</load_address>
         <run_address>0x269</run_address>
         <size>0xbd</size>
         <input_file_ref idref="fl-2"/>
      </object_component>
      <object_component id="oc-180">
         <name>.debug_abbrev</name>
         <load_address>0x326</load_address>
         <run_address>0x326</run_address>
         <size>0x97</size>
         <input_file_ref idref="fl-2"/>
      </object_component>
      <object_component id="oc-fb">
         <name>.debug_abbrev</name>
         <load_address>0x3bd</load_address>
         <run_address>0x3bd</run_address>
         <size>0x69</size>
         <input_file_ref idref="fl-2"/>
      </object_component>
      <object_component id="oc-37">
         <name>.debug_abbrev</name>
         <load_address>0x426</load_address>
         <run_address>0x426</run_address>
         <size>0x1f</size>
         <input_file_ref idref="fl-2"/>
      </object_component>
      <object_component id="oc-187">
         <name>.debug_abbrev</name>
         <load_address>0x445</load_address>
         <run_address>0x445</run_address>
         <size>0x5c</size>
         <input_file_ref idref="fl-2"/>
      </object_component>
      <object_component id="oc-f4">
         <name>.debug_abbrev</name>
         <load_address>0x4a1</load_address>
         <run_address>0x4a1</run_address>
         <size>0x24</size>
         <input_file_ref idref="fl-2"/>
      </object_component>
      <object_component id="oc-1b1">
         <name>.debug_abbrev</name>
         <load_address>0x4c5</load_address>
         <run_address>0x4c5</run_address>
         <size>0x87</size>
         <input_file_ref idref="fl-5"/>
      </object_component>
      <object_component id="oc-1ac">
         <name>.debug_abbrev</name>
         <load_address>0x54c</load_address>
         <run_address>0x54c</run_address>
         <size>0x27</size>
         <input_file_ref idref="fl-5"/>
      </object_component>
      <object_component id="oc-1ae">
         <name>.debug_abbrev</name>
         <load_address>0x573</load_address>
         <run_address>0x573</run_address>
         <size>0x27</size>
         <input_file_ref idref="fl-5"/>
      </object_component>
      <object_component id="oc-168">
         <name>.debug_abbrev</name>
         <load_address>0x59a</load_address>
         <run_address>0x59a</run_address>
         <size>0x12c</size>
         <input_file_ref idref="fl-5"/>
      </object_component>
      <object_component id="oc-15c">
         <name>.debug_abbrev</name>
         <load_address>0x6c6</load_address>
         <run_address>0x6c6</run_address>
         <size>0x52</size>
         <input_file_ref idref="fl-6"/>
      </object_component>
      <object_component id="oc-f7">
         <name>.debug_abbrev</name>
         <load_address>0x718</load_address>
         <run_address>0x718</run_address>
         <size>0x7c</size>
         <input_file_ref idref="fl-7"/>
      </object_component>
      <object_component id="oc-76">
         <name>.debug_abbrev</name>
         <load_address>0x794</load_address>
         <run_address>0x794</run_address>
         <size>0x29</size>
         <input_file_ref idref="fl-7"/>
      </object_component>
      <object_component id="oc-b2">
         <name>.debug_abbrev</name>
         <load_address>0x7bd</load_address>
         <run_address>0x7bd</run_address>
         <size>0x89</size>
         <input_file_ref idref="fl-7"/>
      </object_component>
      <object_component id="oc-1aa">
         <name>.debug_abbrev</name>
         <load_address>0x846</load_address>
         <run_address>0x846</run_address>
         <size>0x29</size>
         <input_file_ref idref="fl-8"/>
      </object_component>
      <object_component id="oc-15b">
         <name>.debug_abbrev</name>
         <load_address>0x86f</load_address>
         <run_address>0x86f</run_address>
         <size>0x8b</size>
         <input_file_ref idref="fl-8"/>
      </object_component>
      <object_component id="oc-113">
         <name>.debug_abbrev</name>
         <load_address>0x8fa</load_address>
         <run_address>0x8fa</run_address>
         <size>0x24</size>
         <input_file_ref idref="fl-c5"/>
      </object_component>
      <object_component id="oc-118">
         <name>.debug_abbrev</name>
         <load_address>0x91e</load_address>
         <run_address>0x91e</run_address>
         <size>0x4f</size>
         <input_file_ref idref="fl-c8"/>
      </object_component>
      <object_component id="oc-171">
         <name>.debug_abbrev</name>
         <load_address>0x96d</load_address>
         <run_address>0x96d</run_address>
         <size>0x3c</size>
         <input_file_ref idref="fl-c9"/>
      </object_component>
      <object_component id="oc-170">
         <name>.debug_abbrev</name>
         <load_address>0x9a9</load_address>
         <run_address>0x9a9</run_address>
         <size>0x3c</size>
         <input_file_ref idref="fl-cb"/>
      </object_component>
      <object_component id="oc-16b">
         <name>.debug_abbrev</name>
         <load_address>0x9e5</load_address>
         <run_address>0x9e5</run_address>
         <size>0x3c</size>
         <input_file_ref idref="fl-cc"/>
      </object_component>
      <object_component id="oc-172">
         <name>.debug_abbrev</name>
         <load_address>0xa21</load_address>
         <run_address>0xa21</run_address>
         <size>0x3c</size>
         <input_file_ref idref="fl-cd"/>
      </object_component>
      <object_component id="oc-16c">
         <name>.debug_abbrev</name>
         <load_address>0xa5d</load_address>
         <run_address>0xa5d</run_address>
         <size>0x3e</size>
         <input_file_ref idref="fl-ce"/>
      </object_component>
      <object_component id="oc-16f">
         <name>.debug_abbrev</name>
         <load_address>0xa9b</load_address>
         <run_address>0xa9b</run_address>
         <size>0x3c</size>
         <input_file_ref idref="fl-d0"/>
      </object_component>
      <object_component id="oc-16a">
         <name>.debug_abbrev</name>
         <load_address>0xad7</load_address>
         <run_address>0xad7</run_address>
         <size>0x3e</size>
         <input_file_ref idref="fl-d1"/>
      </object_component>
      <object_component id="oc-85">
         <name>.debug_abbrev</name>
         <load_address>0xb15</load_address>
         <run_address>0xb15</run_address>
         <size>0x3e</size>
         <input_file_ref idref="fl-d2"/>
      </object_component>
      <object_component id="oc-1b0">
         <name>.debug_abbrev</name>
         <load_address>0xb53</load_address>
         <run_address>0xb53</run_address>
         <size>0x3e</size>
         <input_file_ref idref="fl-d3"/>
      </object_component>
      <object_component id="oc-116">
         <name>.debug_abbrev</name>
         <load_address>0xb91</load_address>
         <run_address>0xb91</run_address>
         <size>0x5d</size>
         <input_file_ref idref="fl-d5"/>
      </object_component>
      <object_component id="oc-99">
         <name>.debug_abbrev</name>
         <load_address>0xbee</load_address>
         <run_address>0xbee</run_address>
         <size>0x74</size>
         <input_file_ref idref="fl-d5"/>
      </object_component>
      <object_component id="oc-90">
         <name>.debug_abbrev</name>
         <load_address>0xc62</load_address>
         <run_address>0xc62</run_address>
         <size>0x24</size>
         <input_file_ref idref="fl-d5"/>
      </object_component>
      <object_component id="oc-8b">
         <name>.debug_abbrev</name>
         <load_address>0xc86</load_address>
         <run_address>0xc86</run_address>
         <size>0x37</size>
         <input_file_ref idref="fl-d6"/>
      </object_component>
      <object_component id="oc-3f">
         <name>.debug_abbrev</name>
         <load_address>0xcbd</load_address>
         <run_address>0xcbd</run_address>
         <size>0x74</size>
         <input_file_ref idref="fl-d6"/>
      </object_component>
      <object_component id="oc-42">
         <name>.debug_abbrev</name>
         <load_address>0xd31</load_address>
         <run_address>0xd31</run_address>
         <size>0x24</size>
         <input_file_ref idref="fl-d6"/>
      </object_component>
      <object_component id="oc-88">
         <name>.debug_abbrev</name>
         <load_address>0xd55</load_address>
         <run_address>0xd55</run_address>
         <size>0x24</size>
         <input_file_ref idref="fl-d6"/>
      </object_component>
      <object_component id="oc-10f">
         <name>.debug_abbrev</name>
         <load_address>0xd79</load_address>
         <run_address>0xd79</run_address>
         <size>0x37</size>
         <input_file_ref idref="fl-d7"/>
      </object_component>
      <object_component id="oc-2f">
         <name>.debug_abbrev</name>
         <load_address>0xdb0</load_address>
         <run_address>0xdb0</run_address>
         <size>0x6f</size>
         <input_file_ref idref="fl-d7"/>
      </object_component>
      <object_component id="oc-32">
         <name>.debug_abbrev</name>
         <load_address>0xe1f</load_address>
         <run_address>0xe1f</run_address>
         <size>0x24</size>
         <input_file_ref idref="fl-d7"/>
      </object_component>
      <object_component id="oc-10c">
         <name>.debug_abbrev</name>
         <load_address>0xe43</load_address>
         <run_address>0xe43</run_address>
         <size>0x35</size>
         <input_file_ref idref="fl-d7"/>
      </object_component>
      <object_component id="oc-81">
         <name>.debug_abbrev</name>
         <load_address>0xe78</load_address>
         <run_address>0xe78</run_address>
         <size>0x24</size>
         <input_file_ref idref="fl-d7"/>
      </object_component>
      <object_component id="oc-18a">
         <name>.debug_abbrev</name>
         <load_address>0xe9c</load_address>
         <run_address>0xe9c</run_address>
         <size>0x45</size>
         <input_file_ref idref="fl-d8"/>
      </object_component>
      <object_component id="oc-fe">
         <name>.debug_abbrev</name>
         <load_address>0xee1</load_address>
         <run_address>0xee1</run_address>
         <size>0xd6</size>
         <input_file_ref idref="fl-e0"/>
      </object_component>
      <object_component id="oc-79">
         <name>.debug_abbrev</name>
         <load_address>0xfb7</load_address>
         <run_address>0xfb7</run_address>
         <size>0x29</size>
         <input_file_ref idref="fl-e0"/>
      </object_component>
      <object_component id="oc-107">
         <name>.debug_abbrev</name>
         <load_address>0xfe0</load_address>
         <run_address>0xfe0</run_address>
         <size>0x7f</size>
         <input_file_ref idref="fl-e0"/>
      </object_component>
      <object_component id="oc-102">
         <name>.debug_abbrev</name>
         <load_address>0x105f</load_address>
         <run_address>0x105f</run_address>
         <size>0x24</size>
         <input_file_ref idref="fl-e0"/>
      </object_component>
      <object_component id="oc-7d">
         <name>.debug_abbrev</name>
         <load_address>0x1083</load_address>
         <run_address>0x1083</run_address>
         <size>0x29</size>
         <input_file_ref idref="fl-e6"/>
      </object_component>
      <object_component id="oc-a3">
         <name>.debug_abbrev</name>
         <load_address>0x10ac</load_address>
         <run_address>0x10ac</run_address>
         <size>0x55</size>
         <input_file_ref idref="fl-e6"/>
      </object_component>
      <object_component id="oc-1c1">
         <name>.debug_abbrev</name>
         <load_address>0x1101</load_address>
         <run_address>0x1101</run_address>
         <size>0xc0</size>
         <input_file_ref idref="fl-ee"/>
      </object_component>
      <object_component id="oc-194">
         <name>.debug_abbrev</name>
         <load_address>0x11c1</load_address>
         <run_address>0x11c1</run_address>
         <size>0x7e</size>
         <input_file_ref idref="fl-ee"/>
      </object_component>
      <object_component id="oc-1c5">
         <name>.debug_abbrev</name>
         <load_address>0x123f</load_address>
         <run_address>0x123f</run_address>
         <size>0x24</size>
         <input_file_ref idref="fl-ee"/>
      </object_component>
      <object_component id="oc-1d9">
         <name>.debug_abbrev</name>
         <load_address>0x1263</load_address>
         <run_address>0x1263</run_address>
         <size>0x24</size>
         <input_file_ref idref="fl-ee"/>
      </object_component>
      <object_component id="oc-1ca">
         <name>.debug_abbrev</name>
         <load_address>0x1287</load_address>
         <run_address>0x1287</run_address>
         <size>0x24</size>
         <input_file_ref idref="fl-ee"/>
      </object_component>
      <object_component id="oc-1cf">
         <name>.debug_abbrev</name>
         <load_address>0x12ab</load_address>
         <run_address>0x12ab</run_address>
         <size>0x4b</size>
         <input_file_ref idref="fl-ee"/>
      </object_component>
      <object_component id="oc-119">
         <name>.debug_abbrev</name>
         <load_address>0x12f6</load_address>
         <run_address>0x12f6</run_address>
         <size>0x55</size>
         <input_file_ref idref="fl-ef"/>
      </object_component>
      <object_component id="oc-21a">
         <name>.debug_abbrev</name>
         <load_address>0x134b</load_address>
         <run_address>0x134b</run_address>
         <size>0xf</size>
      </object_component>
      <object_component id="oc-17d">
         <name>.debug_str</name>
         <load_address>0x0</load_address>
         <run_address>0x0</run_address>
         <size>0x1600</size>
         <input_file_ref idref="fl-2"/>
      </object_component>
      <object_component id="oc-182">
         <name>.debug_str</name>
         <load_address>0x1600</load_address>
         <run_address>0x1600</run_address>
         <size>0x4bc</size>
         <input_file_ref idref="fl-2"/>
      </object_component>
      <object_component id="oc-fd">
         <name>.debug_str</name>
         <load_address>0x1abc</load_address>
         <run_address>0x1abc</run_address>
         <size>0x2e7</size>
         <input_file_ref idref="fl-2"/>
      </object_component>
      <object_component id="oc-39">
         <name>.debug_str</name>
         <load_address>0x1da3</load_address>
         <run_address>0x1da3</run_address>
         <size>0xfd</size>
         <input_file_ref idref="fl-2"/>
      </object_component>
      <object_component id="oc-189">
         <name>.debug_str</name>
         <load_address>0x1ea0</load_address>
         <run_address>0x1ea0</run_address>
         <size>0x37d</size>
         <input_file_ref idref="fl-2"/>
      </object_component>
      <object_component id="oc-f6">
         <name>.debug_str</name>
         <load_address>0x221d</load_address>
         <run_address>0x221d</run_address>
         <size>0x17f</size>
         <input_file_ref idref="fl-2"/>
      </object_component>
      <object_component id="oc-115">
         <name>.debug_str</name>
         <load_address>0x239c</load_address>
         <run_address>0x239c</run_address>
         <size>0x140</size>
         <input_file_ref idref="fl-c5"/>
      </object_component>
      <object_component id="oc-92">
         <name>.debug_str</name>
         <load_address>0x24dc</load_address>
         <run_address>0x24dc</run_address>
         <size>0x105</size>
         <input_file_ref idref="fl-d5"/>
      </object_component>
      <object_component id="oc-44">
         <name>.debug_str</name>
         <load_address>0x25e1</load_address>
         <run_address>0x25e1</run_address>
         <size>0x10b</size>
         <input_file_ref idref="fl-d6"/>
      </object_component>
      <object_component id="oc-8a">
         <name>.debug_str</name>
         <load_address>0x26ec</load_address>
         <run_address>0x26ec</run_address>
         <size>0x140</size>
         <input_file_ref idref="fl-d6"/>
      </object_component>
      <object_component id="oc-34">
         <name>.debug_str</name>
         <load_address>0x282c</load_address>
         <run_address>0x282c</run_address>
         <size>0x118</size>
         <input_file_ref idref="fl-d7"/>
      </object_component>
      <object_component id="oc-10e">
         <name>.debug_str</name>
         <load_address>0x2944</load_address>
         <run_address>0x2944</run_address>
         <size>0x16b</size>
         <input_file_ref idref="fl-d7"/>
      </object_component>
      <object_component id="oc-83">
         <name>.debug_str</name>
         <load_address>0x2aaf</load_address>
         <run_address>0x2aaf</run_address>
         <size>0x158</size>
         <input_file_ref idref="fl-d7"/>
      </object_component>
[...]
         <name>__TI_CINIT_Limit</name>
         <value>0x2da8</value>
      </symbol>
      <symbol id="sm-6">
         <name>__TI_Handler_Table_Base</name>
         <value>0x2d80</value>
      </symbol>
      <symbol id="sm-7">
         <name>__TI_Handler_Table_Limit</name>
         <value>0x2d8c</value>
      </symbol>
      <symbol id="sm-8">
         <name>binit</name>
         <value>0xffffffff</value>
      </symbol>
      <symbol id="sm-9">
         <name>__binit__</name>
         <value>0xffffffff</value>
      </symbol>
      <symbol id="sm-a">
         <name>__STACK_SIZE</name>
         <value>0x200</value>
      </symbol>
      <symbol id="sm-b">
         <name>__STACK_END</name>
         <value>0x20010000</value>
      </symbol>
      <symbol id="sm-c">
         <name>__SYSMEM_SIZE</name>
         <value>0x400</value>
      </symbol>
      <symbol id="sm-d">
         <name>__c_args__</name>
         <value>0xffffffff</value>
      </symbol>
      <symbol id="sm-e">
         <name>__TI_pprof_out_hndl</name>
         <value>0xffffffff</value>
      </symbol>
      <symbol id="sm-f">
         <name>__TI_prof_data_start</name>
         <value>0xffffffff</value>
      </symbol>
      <symbol id="sm-10">
         <name>__TI_prof_data_size</name>
         <value>0xffffffff</value>
      </symbol>
      <symbol id="sm-c5">
         <name>results</name>
         <value>0x20000400</value>
      </symbol>
      <symbol id="sm-c6">
         <name>ticks</name>
         <value>0x200007f4</value>
         <object_component_ref idref="oc-ce"/>
      </symbol>
      <symbol id="sm-c7">
         <name>printinterval</name>
         <value>0x200007f8</value>
         <object_component_ref idref="oc-ce"/>
      </symbol>
      <symbol id="sm-c8">
         <name>A1select</name>
         <value>0xff7</value>
         <object_component_ref idref="oc-70"/>
      </symbol>
      <symbol id="sm-c9">
         <name>print</name>
         <value>0x124d</value>
         <object_component_ref idref="oc-70"/>
      </symbol>
      <symbol id="sm-ca">
         <name>delayMicroseconds</name>
         <value>0xee1</value>
         <object_component_ref idref="oc-70"/>
      </symbol>
      <symbol id="sm-cb">
         <name>timeScale</name>
         <value>0x1365</value>
         <object_component_ref idref="oc-70"/>
      </symbol>
      <symbol id="sm-cc">
         <name>A0select</name>
         <value>0xf9f</value>
         <object_component_ref idref="oc-70"/>
      </symbol>
      <symbol id="sm-cd">
         <name>main</name>
         <value>0x1083</value>
         <object_component_ref idref="oc-70"/>
      </symbol>
      <symbol id="sm-ce">
         <name>delay</name>
         <value>0xf2d</value>
         <object_component_ref idref="oc-70"/>
      </symbol>
      <symbol id="sm-cf">
         <name>A0read</name>
         <value>0x1053</value>
         <object_component_ref idref="oc-70"/>
      </symbol>
      <symbol id="sm-d0">
         <name>A1read</name>
         <value>0x106b</value>
         <object_component_ref idref="oc-70"/>
      </symbol>
      <symbol id="sm-d1">
         <name>read</name>
         <value>0x11bb</value>
         <object_component_ref idref="oc-70"/>
      </symbol>
      <symbol id="sm-d2">
         <name>encodedButton</name>
         <value>0x13e5</value>
         <object_component_ref idref="oc-70"/>
      </symbol>
      <symbol id="sm-d3">
         <name>T32_INT1_IRQHandler</name>
         <value>0xf7d</value>
         <object_component_ref idref="oc-70"/>
      </symbol>
      <symbol id="sm-d4">
         <name>A2Dsetup</name>
         <value>0xf91</value>
         <object_component_ref idref="oc-70"/>
      </symbol>
      <symbol id="sm-192">
         <name>LCD_print_str</name>
         <value>0x2f3</value>
         <object_component_ref idref="oc-b9"/>
      </symbol>
      <symbol id="sm-193">
         <name>LCD_print_udec10</name>
         <value>0x99b</value>
         <object_component_ref idref="oc-b9"/>
      </symbol>
      <symbol id="sm-194">
         <name>LCD_row</name>
         <value>0x263</value>
         <object_component_ref idref="oc-b9"/>
      </symbol>
      <symbol id="sm-195">
         <name>LCD_Config</name>
         <value>0x19f</value>
         <object_component_ref idref="oc-b9"/>
      </symbol>
      <symbol id="sm-196">
         <name>LCD_col</name>
         <value>0x277</value>
         <object_component_ref idref="oc-b9"/>
      </symbol>
      <symbol id="sm-197">
         <name>LCD_print_column</name>
         <value>0x38d</value>
         <object_component_ref idref="oc-b9"/>
      </symbol>
      <symbol id="sm-198">
         <name>LCD_print_bigchar</name>
         <value>0x3a9</value>
         <object_component_ref idref="oc-b9"/>
      </symbol>
      <symbol id="sm-199">
         <name>LCD_print_hex16</name>
         <value>0x601</value>
         <object_component_ref idref="oc-b9"/>
      </symbol>
      <symbol id="sm-19a">
         <name>LCD_print_bin8</name>
         <value>0x50f</value>
         <object_component_ref idref="oc-b9"/>
      </symbol>
      <symbol id="sm-19b">
         <name>LCD_print_hex32</name>
         <value>0x6e5</value>
         <object_component_ref idref="oc-b9"/>
      </symbol>
      <symbol id="sm-19c">
         <name>LCD_print_float</name>
         <value>0xc9d</value>
         <object_component_ref idref="oc-b9"/>
      </symbol>
      <symbol id="sm-19d">
         <name>LCD_print_dec3</name>
         <value>0xa1b</value>
         <object_component_ref idref="oc-b9"/>
      </symbol>
      <symbol id="sm-19e">
         <name>LCD_print_dec5</name>
         <value>0xad1</value>
         <object_component_ref idref="oc-b9"/>
      </symbol>
      <symbol id="sm-19f">
         <name>LCD_print_udec3</name>
         <value>0x873</value>
         <object_component_ref idref="oc-b9"/>
      </symbol>
      <symbol id="sm-1a0">
         <name>LCD_print_udec5</name>
         <value>0x907</value>
         <object_component_ref idref="oc-b9"/>
      </symbol>
      <symbol id="sm-1a1">
         <name>LCD_goto_xy</name>
         <value>0x207</value>
         <object_component_ref idref="oc-b9"/>
      </symbol>
      <symbol id="sm-1a2">
         <name>LCD_col_exact</name>
         <value>0x291</value>
         <object_component_ref idref="oc-b9"/>
      </symbol>
      <symbol id="sm-1a3">
         <name>LCD_goto_exact</name>
         <value>0x231</value>
         <object_component_ref idref="oc-b9"/>
      </symbol>
      <symbol id="sm-1a4">
         <name>LCD_print_bigstr</name>
         <value>0x4b1</value>
         <object_component_ref idref="oc-b9"/>
      </symbol>
      <symbol id="sm-1a5">
         <name>LCD_print_dec10</name>
         <value>0xb87</value>
         <object_component_ref idref="oc-b9"/>
      </symbol>
      <symbol id="sm-1a6">
         <name>LCD_print_char</name>
         <value>0x2a7</value>
         <object_component_ref idref="oc-b9"/>
      </symbol>
      <symbol id="sm-1a7">
         <name>LCD_home</name>
         <value>0x257</value>
         <object_component_ref idref="oc-b9"/>
      </symbol>
      <symbol id="sm-1a8">
         <name>LCD_clear</name>
         <value>0x311</value>
         <object_component_ref idref="oc-b9"/>
      </symbol>
      <symbol id="sm-1a9">
         <name>LCD_contrast</name>
         <value>0xe73</value>
         <object_component_ref idref="oc-b9"/>
      </symbol>
      <symbol id="sm-1aa">
         <name>LCD_print_bin16</name>
         <value>0x555</value>
         <object_component_ref idref="oc-b9"/>
      </symbol>
      <symbol id="sm-1ab">
         <name>LCD_print_hex8</name>
         <value>0x58f</value>
         <object_component_ref idref="oc-b9"/>
      </symbol>
      <symbol id="sm-1ac">
         <name>LCD_print_bmpArray</name>
         <value>0x34b</value>
         <object_component_ref idref="oc-b9"/>
      </symbol>
      <symbol id="sm-1cd">
         <name>Stop_watchdog</name>
         <value>0x1b3d</value>
         <object_component_ref idref="oc-b3"/>
      </symbol>
      <symbol id="sm-1ce">
         <name>Set_ports_to_out</name>
         <value>0x1a99</value>
         <object_component_ref idref="oc-b3"/>
      </symbol>
      <symbol id="sm-1e3">
         <name>Reset_Handler</name>
         <value>0x1fd9</value>
         <object_component_ref idref="oc-6a"/>
      </symbol>
      <symbol id="sm-1e4">
         <name>Default_Handler</name>
         <value>0x1fe5</value>
         <object_component_ref idref="oc-6a"/>
      </symbol>
      <symbol id="sm-1e5">
         <name>interruptVectors</name>
         <value>0x0</value>
         <object_component_ref idref="oc-26"/>
      </symbol>
      <symbol id="sm-22d">
         <name>SystemInit</name>
         <value>0x16f1</value>
         <object_component_ref idref="oc-ac"/>
      </symbol>
      <symbol id="sm-22e">
         <name>SystemCoreClockUpdate</name>
         <value>0x1479</value>
         <object_component_ref idref="oc-ac"/>
      </symbol>
      <symbol id="sm-22f">
         <name>SystemCoreClock</name>
         <value>0x200007fc</value>
         <object_component_ref idref="oc-158"/>
      </symbol>
      <symbol id="sm-249">
         <name>__aeabi_memset</name>
         <value>0x1d37</value>
         <object_component_ref idref="oc-94"/>
      </symbol>
      <symbol id="sm-24a">
         <name>memset</name>
         <value>0x1d3d</value>
         <object_component_ref idref="oc-94"/>
      </symbol>
      <symbol id="sm-24b">
         <name>__aeabi_memset8</name>
         <value>0x1d37</value>
         <object_component_ref idref="oc-94"/>
      </symbol>
      <symbol id="sm-24c">
         <name>__aeabi_memset4</name>
         <value>0x1d37</value>
         <object_component_ref idref="oc-94"/>
      </symbol>
      <symbol id="sm-24d">
         <name>__aeabi_memclr8</name>
         <value>0x1d35</value>
         <object_component_ref idref="oc-94"/>
      </symbol>
      <symbol id="sm-24e">
         <name>__aeabi_memclr4</name>
         <value>0x1d35</value>
         <object_component_ref idref="oc-94"/>
      </symbol>
      <symbol id="sm-24f">
         <name>__aeabi_memclr</name>
         <value>0x1d35</value>
         <object_component_ref idref="oc-94"/>
      </symbol>
      <symbol id="sm-266">
         <name>__aeabi_dsub</name>
         <value>0x17ad</value>
         <object_component_ref idref="oc-db"/>
      </symbol>
      <symbol id="sm-267">
         <name>__aeabi_dadd</name>
         <value>0x17b7</value>
         <object_component_ref idref="oc-db"/>
      </symbol>
      <symbol id="sm-27c">
         <name>__aeabi_ddiv</name>
         <value>0x1963</value>
         <object_component_ref idref="oc-d6"/>
      </symbol>
      <symbol id="sm-287">
         <name>__aeabi_dmul</name>
         <value>0x1b9d</value>
         <object_component_ref idref="oc-c4"/>
      </symbol>
      <symbol id="sm-291">
         <name>__aeabi_d2iz</name>
         <value>0x1e85</value>
         <object_component_ref idref="oc-e0"/>
      </symbol>
      <symbol id="sm-29d">
         <name>__aeabi_d2f</name>
         <value>0x1daf</value>
         <object_component_ref idref="oc-c9"/>
      </symbol>
      <symbol id="sm-2a9">
         <name>__aeabi_f2d</name>
         <value>0x1f11</value>
         <object_component_ref idref="oc-d1"/>
      </symbol>
      <symbol id="sm-2b3">
         <name>__aeabi_i2d</name>
         <value>0x1f7d</value>
         <object_component_ref idref="oc-bf"/>
      </symbol>
      <symbol id="sm-2ce">
         <name>memcpy</name>
         <value>0x1c99</value>
         <object_component_ref idref="oc-3a"/>
      </symbol>
      <symbol id="sm-2cf">
         <name>__aeabi_memcpy</name>
         <value>0x1c99</value>
         <object_component_ref idref="oc-3a"/>
      </symbol>
      <symbol id="sm-2d0">
         <name>__aeabi_memcpy8</name>
         <value>0x1c99</value>
         <object_component_ref idref="oc-3a"/>
      </symbol>
      <symbol id="sm-2d1">
         <name>__aeabi_memcpy4</name>
         <value>0x1c99</value>
         <object_component_ref idref="oc-3a"/>
      </symbol>
      <symbol id="sm-2db">
         <name>__aeabi_ui2d</name>
         <value>0x1fab</value>
         <object_component_ref idref="oc-163"/>
      </symbol>
      <symbol id="sm-2ee">
         <name>__TI_zero_init</name>
         <value>0x1fe7</value>
         <object_component_ref idref="oc-4c"/>
      </symbol>
      <symbol id="sm-305">
         <name>__TI_decompress_none</name>
         <value>0x1fcb</value>
         <object_component_ref idref="oc-1d"/>
      </symbol>
      <symbol id="sm-328">
         <name>__TI_decompress_lzss</name>
         <value>0x1e1d</value>
         <object_component_ref idref="oc-17"/>
      </symbol>
      <symbol id="sm-333">
         <name>C$$EXIT</name>
         <value>0x1ff7</value>
         <object_component_ref idref="oc-11a"/>
      </symbol>
      <symbol id="sm-334">
         <name>abort</name>
         <value>0x1ff7</value>
         <object_component_ref idref="oc-11a"/>
      </symbol>
      <symbol id="sm-350">
         <name>_sys_memory</name>
         <value>0x20000000</value>
         <object_component_ref idref="oc-29"/>
      </symbol>
      <symbol id="sm-368">
         <name>__stack</name>
         <value>0x2000fe00</value>
         <object_component_ref idref="oc-2c"/>
      </symbol>
      <symbol id="sm-369">
         <name>_c_int00_noargs</name>
         <value>0x1f49</value>
         <object_component_ref idref="oc-58"/>
      </symbol>
      <symbol id="sm-398">
         <name>__TI_auto_init_nobinit_nopinit</name>
         <value>0x1ecd</value>
         <object_component_ref idref="oc-126"/>
      </symbol>
      <symbol id="sm-3a2">
         <name>_system_pre_init</name>
         <value>0x1ff3</value>
         <object_component_ref idref="oc-9a"/>
      </symbol>
      <symbol id="sm-3b8">
         <name>__TI_static_base__</name>
         <value>0x0</value>
      </symbol>
      <symbol id="sm-3bb">
         <name>__mpu_init</name>
         <value>0x0</value>
      </symbol>
      <symbol id="sm-3bc">
         <name>_system_post_cinit</name>
         <value>0x0</value>
      </symbol>
      <symbol id="sm-3bd">
         <name>NMI_Handler</name>
         <value>0x1fe5</value>
      </symbol>
      <symbol id="sm-3be">
         <name>HardFault_Handler</name>
         <value>0x1fe5</value>
      </symbol>
      <symbol id="sm-3bf">
         <name>MemManage_Handler</name>
         <value>0x1fe5</value>
      </symbol>
      <symbol id="sm-3c0">
         <name>BusFault_Handler</name>
         <value>0x1fe5</value>
      </symbol>
      <symbol id="sm-3c1">
         <name>UsageFault_Handler</name>
         <value>0x1fe5</value>
      </symbol>
      <symbol id="sm-3c2">
         <name>SVC_Handler</name>
         <value>0x1fe5</value>
      </symbol>
      <symbol id="sm-3c3">
         <name>DebugMon_Handler</name>
         <value>0x1fe5</value>
      </symbol>
      <symbol id="sm-3c4">
         <name>PendSV_Handler</name>
         <value>0x1fe5</value>
      </symbol>
      <symbol id="sm-3c5">
         <name>SysTick_Handler</name>
         <value>0x1fe5</value>
      </symbol>
      <symbol id="sm-3c6">
         <name>PSS_IRQHandler</name>
         <value>0x1fe5</value>
      </symbol>
      <symbol id="sm-3c7">
         <name>CS_IRQHandler</name>
         <value>0x1fe5</value>
      </symbol>
      <symbol id="sm-3c8">
         <name>PCM_IRQHandler</name>
         <value>0x1fe5</value>
      </symbol>
      <symbol id="sm-3c9">
         <name>WDT_A_IRQHandler</name>
         <value>0x1fe5</value>
      </symbol>
      <symbol id="sm-3ca">
         <name>FPU_IRQHandler</name>
         <value>0x1fe5</value>
      </symbol>
      <symbol id="sm-3cb">
         <name>FLCTL_IRQHandler</name>
         <value>0x1fe5</value>
      </symbol>
      <symbol id="sm-3cc">
         <name>COMP_E0_IRQHandler</name>
         <value>0x1fe5</value>
      </symbol>
      <symbol id="sm-3cd">
         <name>COMP_E1_IRQHandler</name>
         <value>0x1fe5</value>
      </symbol>
      <symbol id="sm-3ce">
         <name>TA0_0_IRQHandler</name>
         <value>0x1fe5</value>
      </symbol>
      <symbol id="sm-3cf">
         <name>TA0_N_IRQHandler</name>
         <value>0x1fe5</value>
      </symbol>
      <symbol id="sm-3d0">
         <name>TA1_0_IRQHandler</name>
         <value>0x1fe5</value>
      </symbol>
      <symbol id="sm-3d1">
         <name>TA1_N_IRQHandler</name>
         <value>0x1fe5</value>
      </symbol>
      <symbol id="sm-3d2">
         <name>TA2_0_IRQHandler</name>
         <value>0x1fe5</value>
      </symbol>
      <symbol id="sm-3d3">
         <name>TA2_N_IRQHandler</name>
         <value>0x1fe5</value>
      </symbol>
      <symbol id="sm-3d4">
         <name>TA3_0_IRQHandler</name>
         <value>0x1fe5</value>
      </symbol>
      <symbol id="sm-3d5">
         <name>TA3_N_IRQHandler</name>
         <value>0x1fe5</value>
      </symbol>
      <symbol id="sm-3d6">
         <name>EUSCIA0_IRQHandler</name>
         <value>0x1fe5</value>
      </symbol>
      <symbol id="sm-3d7">
         <name>EUSCIA1_IRQHandler</name>
         <value>0x1fe5</value>
      </symbol>
      <symbol id="sm-3d8">
         <name>EUSCIA2_IRQHandler</name>
         <value>0x1fe5</value>
      </symbol>
      <symbol id="sm-3d9">
         <name>EUSCIA3_IRQHandler</name>
         <value>0x1fe5</value>
      </symbol>
      <symbol id="sm-3da">
         <name>EUSCIB0_IRQHandler</name>
         <value>0x1fe5</value>
      </symbol>
      <symbol id="sm-3db">
         <name>EUSCIB1_IRQHandler</name>
         <value>0x1fe5</value>
      </symbol>
      <symbol id="sm-3dc">
         <name>EUSCIB2_IRQHandler</name>
         <value>0x1fe5</value>
      </symbol>
      <symbol id="sm-3dd">
         <name>EUSCIB3_IRQHandler</name>
         <value>0x1fe5</value>
      </symbol>
      <symbol id="sm-3de">
         <name>ADC14_IRQHandler</name>
         <value>0x1fe5</value>
      </symbol>
      <symbol id="sm-3df">
         <name>T32_INT1_IRQHandler</name>
         <value>0xf7d</value>
      </symbol>
      <symbol id="sm-3e0">
         <name>T32_INT2_IRQHandler</name>
         <value>0x1fe5</value>
      </symbol>
      <symbol id="sm-3e1">
         <name>T32_INTC_IRQHandler</name>
         <value>0x1fe5</value>
      </symbol>
      <symbol id="sm-3e2">
         <name>AES256_IRQHandler</name>
         <value>0x1fe5</value>
      </symbol>
      <symbol id="sm-3e3">
         <name>RTC_C_IRQHandler</name>
         <value>0x1fe5</value>
      </symbol>
      <symbol id="sm-3e4">
         <name>DMA_ERR_IRQHandler</name>
         <value>0x1fe5</value>
      </symbol>
      <symbol id="sm-3e5">
         <name>DMA_INT3_IRQHandler</name>
         <value>0x1fe5</value>
      </symbol>
      <symbol id="sm-3e6">
         <name>DMA_INT2_IRQHandler</name>
         <value>0x1fe5</value>
      </symbol>
      <symbol id="sm-3e7">
         <name>DMA_INT1_IRQHandler</name>
         <value>0x1fe5</value>
      </symbol>
      <symbol id="sm-3e8">
         <name>DMA_INT0_IRQHandler</name>
         <value>0x1fe5</value>
      </symbol>
      <symbol id="sm-3e9">
         <name>PORT1_IRQHandler</name>
         <value>0x1fe5</value>
      </symbol>
      <symbol id="sm-3ea">
         <name>PORT2_IRQHandler</name>
         <value>0x1fe5</value>
      </symbol>
      <symbol id="sm-3eb">
         <name>PORT3_IRQHandler</name>
         <value>0x1fe5</value>
      </symbol>
      <symbol id="sm-3ec">
         <name>PORT4_IRQHandler</name>
         <value>0x1fe5</value>
      </symbol>
      <symbol id="sm-3ed">
         <name>PORT5_IRQHandler</name>
         <value>0x1fe5</value>
      </symbol>
      <symbol id="sm-3ee">
         <name>PORT6_IRQHandler</name>
         <value>0x1fe5</value>
      </symbol>
   </symbol_table>
   <title>Link successful</title>
</link_info>
